[6 / 18] packages/acceptance-tests/pkg-tests-specs/sources/auth.test.js

🟥 Auth tests ► it should fail to install packages which if npmAlwaysAuth is set to true without auth present
🟩 Auth tests ► it should fail to install scoped packages which require authentication if no authentication is configured
🟩 Auth tests ► it should fail to install unscoped packages which require authentication if an authentication ident is configured but always-auth is false
🟩 Auth tests ► it should fail to install unscoped packages which require authentication if an authentication token is configured but always-auth is false
🟩 Auth tests ► it should fail to install unscoped packages which require authentication if no authentication is configured
🟩 Auth tests ► it should fail when an invalid authenticaation token is used
🟩 Auth tests ► it should fail when an invalid authentication ident is used
🟥 Auth tests ► it should install scoped packages which require authentication if an authentication ident is configured
🟥 Auth tests ► it should install scoped packages which require authentication if an authentication ident is configured at the scope level
🟥 Auth tests ► it should install scoped packages which require authentication if an authentication token is configured
🟥 Auth tests ► it should install scoped packages which require authentication if an authentication token is configured at the scope level
🟥 Auth tests ► it should install unconventional scoped packages which require authentication if an authentication token is configured
🟥 Auth tests ► it should install unconventional scoped packages which require authentication if npmAlwaysAuth is set to true and an authentication ident is present
🟥 Auth tests ► it should install unconventional unscoped packages which require authentication if npmAlwaysAuth is set to true and an authentication ident is present
🟥 Auth tests ► it should install unscoped packages which require authentication if npmAlwaysAuth is set to true and an authentication ident is present
🟥 Auth tests ► it should install unscoped packages which require authentication if npmAlwaysAuth is set to true and an authentication token is present
🟥 Auth tests ► it should normalize registries url keys
🟥 Auth tests ► it should support non-base64 encoded authentication ident

[78 / 78] packages/acceptance-tests/pkg-tests-specs/sources/basic.test.js

🟩 Basic tests ► w/ the node-modules linker ► it should allow accessing a package via too many slashes
🟩 Basic tests ► w/ the node-modules linker ► it should correctly create resolution mounting points when using the link protocol
🟩 Basic tests ► w/ the node-modules linker ► it should correctly handle browser fields in package.json
🟩 Basic tests ► w/ the node-modules linker ► it should correctly install a dependency that itself contains a fixed dependency
🟩 Basic tests ► w/ the node-modules linker ► it should correctly install a dependency that itself contains a range dependency
🟩 Basic tests ► w/ the node-modules linker ► it should correctly install a single aliased dependency that contains no sub-dependencies
🟩 Basic tests ► w/ the node-modules linker ► it should correctly install a single dependency that contains no sub-dependencies
🟩 Basic tests ► w/ the node-modules linker ► it should correctly install a single scoped dependency that contains no sub-dependencies
🟩 Basic tests ► w/ the node-modules linker ► it should correctly install a soft-link
🟩 Basic tests ► w/ the node-modules linker ► it should correctly install an inter-dependency loop
🟩 Basic tests ► w/ the node-modules linker ► it should fallback to dependencies if the parent doesn't provide the peer dependency
🟩 Basic tests ► w/ the node-modules linker ► it should fallback to the regular dependency if the peer dependency isn't met
🟩 Basic tests ► w/ the node-modules linker ► it should install from archives on the filesystem
🟩 Basic tests ► w/ the node-modules linker ► it should install from files on the internet
🟩 Basic tests ► w/ the node-modules linker ► it should install from local directories
🟩 Basic tests ► w/ the node-modules linker ► it should install in such a way that peer dependencies can be resolved (from top-level)
🟩 Basic tests ► w/ the node-modules linker ► it should install in such a way that peer dependencies can be resolved (from within a dependency)
🟩 Basic tests ► w/ the node-modules linker ► it should install in such a way that peer dependencies can be resolved (two levels deep)
🟩 Basic tests ► w/ the node-modules linker ► it should install the dependencies of any dependency fetched from a local directory
🟩 Basic tests ► w/ the node-modules linker ► it should install the dependencies of any dependency fetched from the filesystem
🟩 Basic tests ► w/ the node-modules linker ► it should install the dependencies of any dependency fetched from the internet
🟩 Basic tests ► w/ the node-modules linker ► it should not add the implicit self dependency if an explicit one already exists
🟩 Basic tests ► w/ the node-modules linker ► it should not add the implicit self dependency if an explicit one already exists (aliases)
🟩 Basic tests ► w/ the node-modules linker ► it should prefer peer dependencies when a package also has the same regular dependency
🟩 Basic tests ► w/ the node-modules linker ► it should support self-requires in direct dependencies
🟩 Basic tests ► w/ the node-modules linker ► it should support self-requires in transitive dependencies
🟩 Basic tests ► w/ the pnp linker ► it should allow accessing a package via too many slashes
🟩 Basic tests ► w/ the pnp linker ► it should correctly create resolution mounting points when using the link protocol
🟩 Basic tests ► w/ the pnp linker ► it should correctly handle browser fields in package.json
🟩 Basic tests ► w/ the pnp linker ► it should correctly install a dependency that itself contains a fixed dependency
🟩 Basic tests ► w/ the pnp linker ► it should correctly install a dependency that itself contains a range dependency
🟩 Basic tests ► w/ the pnp linker ► it should correctly install a single aliased dependency that contains no sub-dependencies
🟩 Basic tests ► w/ the pnp linker ► it should correctly install a single dependency that contains no sub-dependencies
🟩 Basic tests ► w/ the pnp linker ► it should correctly install a single scoped dependency that contains no sub-dependencies
🟩 Basic tests ► w/ the pnp linker ► it should correctly install a soft-link
🟩 Basic tests ► w/ the pnp linker ► it should correctly install an inter-dependency loop
🟩 Basic tests ► w/ the pnp linker ► it should fallback to dependencies if the parent doesn't provide the peer dependency
🟩 Basic tests ► w/ the pnp linker ► it should fallback to the regular dependency if the peer dependency isn't met
🟩 Basic tests ► w/ the pnp linker ► it should install from archives on the filesystem
🟩 Basic tests ► w/ the pnp linker ► it should install from files on the internet
🟩 Basic tests ► w/ the pnp linker ► it should install from local directories
🟩 Basic tests ► w/ the pnp linker ► it should install in such a way that peer dependencies can be resolved (from top-level)
🟩 Basic tests ► w/ the pnp linker ► it should install in such a way that peer dependencies can be resolved (from within a dependency)
🟩 Basic tests ► w/ the pnp linker ► it should install in such a way that peer dependencies can be resolved (two levels deep)
🟩 Basic tests ► w/ the pnp linker ► it should install the dependencies of any dependency fetched from a local directory
🟩 Basic tests ► w/ the pnp linker ► it should install the dependencies of any dependency fetched from the filesystem
🟩 Basic tests ► w/ the pnp linker ► it should install the dependencies of any dependency fetched from the internet
🟩 Basic tests ► w/ the pnp linker ► it should not add the implicit self dependency if an explicit one already exists
🟩 Basic tests ► w/ the pnp linker ► it should not add the implicit self dependency if an explicit one already exists (aliases)
🟩 Basic tests ► w/ the pnp linker ► it should prefer peer dependencies when a package also has the same regular dependency
🟩 Basic tests ► w/ the pnp linker ► it should support self-requires in direct dependencies
🟩 Basic tests ► w/ the pnp linker ► it should support self-requires in transitive dependencies
🟩 Basic tests ► w/ the pnpm linker ► it should allow accessing a package via too many slashes
🟩 Basic tests ► w/ the pnpm linker ► it should correctly create resolution mounting points when using the link protocol
🟩 Basic tests ► w/ the pnpm linker ► it should correctly handle browser fields in package.json
🟩 Basic tests ► w/ the pnpm linker ► it should correctly install a dependency that itself contains a fixed dependency
🟩 Basic tests ► w/ the pnpm linker ► it should correctly install a dependency that itself contains a range dependency
🟩 Basic tests ► w/ the pnpm linker ► it should correctly install a single aliased dependency that contains no sub-dependencies
🟩 Basic tests ► w/ the pnpm linker ► it should correctly install a single dependency that contains no sub-dependencies
🟩 Basic tests ► w/ the pnpm linker ► it should correctly install a single scoped dependency that contains no sub-dependencies
🟩 Basic tests ► w/ the pnpm linker ► it should correctly install a soft-link
🟩 Basic tests ► w/ the pnpm linker ► it should correctly install an inter-dependency loop
🟩 Basic tests ► w/ the pnpm linker ► it should fallback to dependencies if the parent doesn't provide the peer dependency
🟩 Basic tests ► w/ the pnpm linker ► it should fallback to the regular dependency if the peer dependency isn't met
🟩 Basic tests ► w/ the pnpm linker ► it should install from archives on the filesystem
🟩 Basic tests ► w/ the pnpm linker ► it should install from files on the internet
🟩 Basic tests ► w/ the pnpm linker ► it should install from local directories
🟩 Basic tests ► w/ the pnpm linker ► it should install in such a way that peer dependencies can be resolved (from top-level)
🟩 Basic tests ► w/ the pnpm linker ► it should install in such a way that peer dependencies can be resolved (from within a dependency)
🟩 Basic tests ► w/ the pnpm linker ► it should install in such a way that peer dependencies can be resolved (two levels deep)
🟩 Basic tests ► w/ the pnpm linker ► it should install the dependencies of any dependency fetched from a local directory
🟩 Basic tests ► w/ the pnpm linker ► it should install the dependencies of any dependency fetched from the filesystem
🟩 Basic tests ► w/ the pnpm linker ► it should install the dependencies of any dependency fetched from the internet
🟩 Basic tests ► w/ the pnpm linker ► it should not add the implicit self dependency if an explicit one already exists
🟩 Basic tests ► w/ the pnpm linker ► it should not add the implicit self dependency if an explicit one already exists (aliases)
🟩 Basic tests ► w/ the pnpm linker ► it should prefer peer dependencies when a package also has the same regular dependency
🟩 Basic tests ► w/ the pnpm linker ► it should support self-requires in direct dependencies
🟩 Basic tests ► w/ the pnpm linker ► it should support self-requires in transitive dependencies

[0 / 9] packages/acceptance-tests/pkg-tests-specs/sources/commands/_entry.test.ts

🟥 Entry ► --cwd ► should use the specified --cwd (absolute path)
🟥 Entry ► --cwd ► should use the specified --cwd (absolute symlink)
🟥 Entry ► --cwd ► should use the specified --cwd (bound absolute path)
🟥 Entry ► --cwd ► should use the specified --cwd (bound relative path)
🟥 Entry ► --cwd ► should use the specified --cwd (inside script)
🟥 Entry ► --cwd ► should use the specified --cwd (relative path)
🟥 Entry ► --cwd ► should use the specified --cwd (relative symlink)
🟥 Entry ► --version ► it should print the version from the package.json when given --version
🟥 Entry ► --version ► it should print the version from the package.json when given -v

[1 / 37] packages/acceptance-tests/pkg-tests-specs/sources/commands/add.test.ts

🟥 Commands ► add ► it should add a new development dependency to the current project
🟥 Commands ► add ► it should add a new peer dependency and a new development dependency to the current project when using --peer and --dev together
🟥 Commands ► add ► it should add a new peer dependency to the current project
🟥 Commands ► add ► it should add a new regular dependency to the current project (exact via defaultSemverRangePrefix)
🟥 Commands ► add ► it should add a new regular dependency to the current project (explicit caret)
🟥 Commands ► add ► it should add a new regular dependency to the current project (explicit exact)
🟥 Commands ► add ► it should add a new regular dependency to the current project (explicit semver)
🟥 Commands ► add ► it should add a new regular dependency to the current project (explicit tilde)
🟥 Commands ► add ► it should add a new regular dependency to the current project (fixed tag)
🟥 Commands ► add ► it should add a new regular dependency to the current project (implicit caret)
🟥 Commands ► add ► it should add a new regular dependency to the current project (resolved backward tag)
🟥 Commands ► add ► it should add a new regular dependency to the current project (resolved tag)
🟥 Commands ► add ► it should add a new regular dependency to the current project (tilde via defaultSemverRangePrefix)
🟥 Commands ► add ► it should add a new regular dependency to the current project (unnamed path)
🟥 Commands ► add ► it should add a node-gyp dependency to the lockfile if a script uses it
🟥 Commands ► add ► it should add an existing development dependency as peer dependency when added using --peer 
🟥 Commands ► add ► it should clean the cache when cache lives inside the project
🟥 Commands ► add ► it should not clean the cache when cache lives inside the project but global cache is set
🟥 Commands ► add ► it should not clean the cache when cache lives outside the project
🟩 Commands ► add ► it should not upgrade the existing dependency in the current project for preferReuse
🟥 Commands ► add ► it should suggest a workspace if it would match the request (exact via defaultSemverRangePrefix)
🟥 Commands ► add ► it should suggest a workspace if it would match the request (explicit caret)
🟥 Commands ► add ► it should suggest a workspace if it would match the request (explicit exact)
🟥 Commands ► add ► it should suggest a workspace if it would match the request (explicit path)
🟥 Commands ► add ► it should suggest a workspace if it would match the request (explicit semver)
🟥 Commands ► add ► it should suggest a workspace if it would match the request (explicit tilde)
🟥 Commands ► add ► it should suggest a workspace if it would match the request (implicit caret)
🟥 Commands ► add ► it should suggest a workspace if it would match the request (tilde via defaultSemverRangePrefix)
🟥 Commands ► add ► it should throw an error when existing peer dependency is added without --peer|--dev
🟥 Commands ► add ► it should throw an error when existing regular dependency is added using --dev
🟥 Commands ► add ► it should throw an error when existing regular dependency is added using --peer
🟥 Commands ► add ► it should upgrade the existing development dependency in the current project (--prefer-dev)
🟥 Commands ► add ► it should upgrade the existing development dependency in the current project (-D)
🟥 Commands ► add ► it should upgrade the existing development dependency in the current project (implicit)
🟥 Commands ► add ► it should upgrade the existing regular dependency in the current project (--prefer-dev)
🟥 Commands ► add ► it should upgrade the existing regular dependency in the current project (implicit)
🟥 Commands ► add ► it shouldn't suggest a workspace to fulfill its own dependency

[0 / 3] packages/acceptance-tests/pkg-tests-specs/sources/commands/cache/clean.test.js

🟥 Commands ► cache clean ► it should remove both cache and mirror with --all
🟥 Commands ► cache clean ► it should remove the cache by default
🟥 Commands ► cache clean ► it should remove the mirror with --mirror

[0 / 12] packages/acceptance-tests/pkg-tests-specs/sources/commands/config.test.ts

🟥 Commands ► config ► test (folder with rcfile / as json)
🟥 Commands ► config ► test (folder with rcfile / without flags)
🟥 Commands ► config ► test (folder with rcfile and rc in ancestor parent / as json)
🟥 Commands ► config ► test (folder with rcfile and rc in ancestor parent / without flags)
🟥 Commands ► config ► test (folder with rcfile and rc in home folder / as json)
🟥 Commands ► config ► test (folder with rcfile and rc in home folder / without flags)
🟥 Commands ► config ► test (folder with rcfile and rc in parent / as json)
🟥 Commands ► config ► test (folder with rcfile and rc in parent / without flags)
🟥 Commands ► config ► test (folder with rcfile without trailing newline / as json)
🟥 Commands ► config ► test (folder with rcfile without trailing newline / without flags)
🟥 Commands ► config ► test (folder without rcfile in ancestry / as json)
🟥 Commands ► config ► test (folder without rcfile in ancestry / without flags)

[1 / 5] packages/acceptance-tests/pkg-tests-specs/sources/commands/config/get.test.js

🟩 Commands ► config get ► it should print native paths
🟥 Commands ► config get ► it should print secrets when using the --no-redacted flag
🟥 Commands ► config get ► it should print the requested configuration value for the current directory
🟥 Commands ► config get ► it should support printing sub-keys
🟥 Commands ► config get ► it shouldn't print secrets by default

[1 / 5] packages/acceptance-tests/pkg-tests-specs/sources/commands/config/set.test.ts

🟥 Commands ► config set ► it should allow running the command from arbitrary folders if the -H,--home option is set
🟥 Commands ► config set ► it should print the configured value for the current directory
🟥 Commands ► config set ► it should support setting JSON values
🟥 Commands ► config set ► it shouldn't print secrets
🟩 Commands ► config set ► it shouldn't remove empty arrays from the files

[0 / 6] packages/acceptance-tests/pkg-tests-specs/sources/commands/config/unset.test.ts

🟥 Commands ► config unset ► it should allow running the command from arbitrary folders if the -H,--home option is set
🟥 Commands ► config unset ► it should show a warning when unsetting a nested config setting that's not set
🟥 Commands ► config unset ► it should show a warning when unsetting a simple config setting that's not set
🟥 Commands ► config unset ► it should unset a complex config correctly
🟥 Commands ► config unset ► it should unset a nested config correctly
🟥 Commands ► config unset ► it should unset a simple config correctly

[2 / 186] packages/acceptance-tests/pkg-tests-specs/sources/commands/constraints.test.ts

🟩 Commands ► constraints ► should allow requiring dependencies from the yarn.config.cjs file
🟥 Commands ► constraints ► should report an error when comparing objects with different key ordering
🟥 Commands ► constraints ► should report custom errors
🟩 Commands ► constraints ► shouldn't report errors when comparing identical objects
🟥 Commands ► constraints ► test (empty project / empty constraints / js)
🟥 Commands ► constraints ► test (empty project / empty constraints / prolog)
🟥 Commands ► constraints ► test (empty project / gen_enforced_dependency (ambiguous) / js)
🟥 Commands ► constraints ► test (empty project / gen_enforced_dependency (ambiguous) / prolog)
🟥 Commands ► constraints ► test (empty project / gen_enforced_dependency (extraneous) / js)
🟥 Commands ► constraints ► test (empty project / gen_enforced_dependency (extraneous) / prolog)
🟥 Commands ► constraints ► test (empty project / gen_enforced_dependency (extraneous2) / js)
🟥 Commands ► constraints ► test (empty project / gen_enforced_dependency (extraneous2) / prolog)
🟥 Commands ► constraints ► test (empty project / gen_enforced_dependency (incompatible) / js)
🟥 Commands ► constraints ► test (empty project / gen_enforced_dependency (incompatible) / prolog)
🟥 Commands ► constraints ► test (empty project / gen_enforced_dependency (missing) / js)
🟥 Commands ► constraints ► test (empty project / gen_enforced_dependency (missing) / prolog)
🟥 Commands ► constraints ► test (empty project / gen_enforced_field (ambiguous) / js)
🟥 Commands ► constraints ► test (empty project / gen_enforced_field (ambiguous) / prolog)
🟥 Commands ► constraints ► test (empty project / gen_enforced_field (extraneous) / js)
🟥 Commands ► constraints ► test (empty project / gen_enforced_field (extraneous) / prolog)
🟥 Commands ► constraints ► test (empty project / gen_enforced_field (incompatible) / js)
🟥 Commands ► constraints ► test (empty project / gen_enforced_field (incompatible) / prolog)
🟥 Commands ► constraints ► test (empty project / gen_enforced_field (missing) / js)
🟥 Commands ► constraints ► test (empty project / gen_enforced_field (missing) / prolog)
🟥 Commands ► constraints ► test (empty project / workspace_field w/ array FieldValue / js)
🟥 Commands ► constraints ► test (empty project / workspace_field w/ array FieldValue / prolog)
🟥 Commands ► constraints ► test (empty project / workspace_field w/ object FieldValue / js)
🟥 Commands ► constraints ► test (empty project / workspace_field w/ object FieldValue / prolog)
🟥 Commands ► constraints ► test (empty project / workspace_field w/ string FieldValue / js)
🟥 Commands ► constraints ► test (empty project / workspace_field w/ string FieldValue / prolog)
🟥 Commands ► constraints ► test (multiple workspaces / empty constraints / js)
🟥 Commands ► constraints ► test (multiple workspaces / empty constraints / prolog)
🟥 Commands ► constraints ► test (multiple workspaces / gen_enforced_dependency (ambiguous) / js)
🟥 Commands ► constraints ► test (multiple workspaces / gen_enforced_dependency (ambiguous) / prolog)
🟥 Commands ► constraints ► test (multiple workspaces / gen_enforced_dependency (extraneous) / js)
🟥 Commands ► constraints ► test (multiple workspaces / gen_enforced_dependency (extraneous) / prolog)
🟥 Commands ► constraints ► test (multiple workspaces / gen_enforced_dependency (extraneous2) / js)
🟥 Commands ► constraints ► test (multiple workspaces / gen_enforced_dependency (extraneous2) / prolog)
🟥 Commands ► constraints ► test (multiple workspaces / gen_enforced_dependency (incompatible) / js)
🟥 Commands ► constraints ► test (multiple workspaces / gen_enforced_dependency (incompatible) / prolog)
🟥 Commands ► constraints ► test (multiple workspaces / gen_enforced_dependency (missing) / js)
🟥 Commands ► constraints ► test (multiple workspaces / gen_enforced_dependency (missing) / prolog)
🟥 Commands ► constraints ► test (multiple workspaces / gen_enforced_field (ambiguous) / js)
🟥 Commands ► constraints ► test (multiple workspaces / gen_enforced_field (ambiguous) / prolog)
🟥 Commands ► constraints ► test (multiple workspaces / gen_enforced_field (extraneous) / js)
🟥 Commands ► constraints ► test (multiple workspaces / gen_enforced_field (extraneous) / prolog)
🟥 Commands ► constraints ► test (multiple workspaces / gen_enforced_field (incompatible) / js)
🟥 Commands ► constraints ► test (multiple workspaces / gen_enforced_field (incompatible) / prolog)
🟥 Commands ► constraints ► test (multiple workspaces / gen_enforced_field (missing) / js)
🟥 Commands ► constraints ► test (multiple workspaces / gen_enforced_field (missing) / prolog)
🟥 Commands ► constraints ► test (multiple workspaces / workspace_field w/ array FieldValue / js)
🟥 Commands ► constraints ► test (multiple workspaces / workspace_field w/ array FieldValue / prolog)
🟥 Commands ► constraints ► test (multiple workspaces / workspace_field w/ object FieldValue / js)
🟥 Commands ► constraints ► test (multiple workspaces / workspace_field w/ object FieldValue / prolog)
🟥 Commands ► constraints ► test (multiple workspaces / workspace_field w/ string FieldValue / js)
🟥 Commands ► constraints ► test (multiple workspaces / workspace_field w/ string FieldValue / prolog)
🟥 Commands ► constraints ► test (one regular dependency / empty constraints / js)
🟥 Commands ► constraints ► test (one regular dependency / empty constraints / prolog)
🟥 Commands ► constraints ► test (one regular dependency / gen_enforced_dependency (ambiguous) / js)
🟥 Commands ► constraints ► test (one regular dependency / gen_enforced_dependency (ambiguous) / prolog)
🟥 Commands ► constraints ► test (one regular dependency / gen_enforced_dependency (extraneous) / js)
🟥 Commands ► constraints ► test (one regular dependency / gen_enforced_dependency (extraneous) / prolog)
🟥 Commands ► constraints ► test (one regular dependency / gen_enforced_dependency (extraneous2) / js)
🟥 Commands ► constraints ► test (one regular dependency / gen_enforced_dependency (extraneous2) / prolog)
🟥 Commands ► constraints ► test (one regular dependency / gen_enforced_dependency (incompatible) / js)
🟥 Commands ► constraints ► test (one regular dependency / gen_enforced_dependency (incompatible) / prolog)
🟥 Commands ► constraints ► test (one regular dependency / gen_enforced_dependency (missing) / js)
🟥 Commands ► constraints ► test (one regular dependency / gen_enforced_dependency (missing) / prolog)
🟥 Commands ► constraints ► test (one regular dependency / gen_enforced_field (ambiguous) / js)
🟥 Commands ► constraints ► test (one regular dependency / gen_enforced_field (ambiguous) / prolog)
🟥 Commands ► constraints ► test (one regular dependency / gen_enforced_field (extraneous) / js)
🟥 Commands ► constraints ► test (one regular dependency / gen_enforced_field (extraneous) / prolog)
🟥 Commands ► constraints ► test (one regular dependency / gen_enforced_field (incompatible) / js)
🟥 Commands ► constraints ► test (one regular dependency / gen_enforced_field (incompatible) / prolog)
🟥 Commands ► constraints ► test (one regular dependency / gen_enforced_field (missing) / js)
🟥 Commands ► constraints ► test (one regular dependency / gen_enforced_field (missing) / prolog)
🟥 Commands ► constraints ► test (one regular dependency / workspace_field w/ array FieldValue / js)
🟥 Commands ► constraints ► test (one regular dependency / workspace_field w/ array FieldValue / prolog)
🟥 Commands ► constraints ► test (one regular dependency / workspace_field w/ object FieldValue / js)
🟥 Commands ► constraints ► test (one regular dependency / workspace_field w/ object FieldValue / prolog)
🟥 Commands ► constraints ► test (one regular dependency / workspace_field w/ string FieldValue / js)
🟥 Commands ► constraints ► test (one regular dependency / workspace_field w/ string FieldValue / prolog)
🟥 Commands ► constraints ► test (two development dependencies / empty constraints / js)
🟥 Commands ► constraints ► test (two development dependencies / empty constraints / prolog)
🟥 Commands ► constraints ► test (two development dependencies / gen_enforced_dependency (ambiguous) / js)
🟥 Commands ► constraints ► test (two development dependencies / gen_enforced_dependency (ambiguous) / prolog)
🟥 Commands ► constraints ► test (two development dependencies / gen_enforced_dependency (extraneous) / js)
🟥 Commands ► constraints ► test (two development dependencies / gen_enforced_dependency (extraneous) / prolog)
🟥 Commands ► constraints ► test (two development dependencies / gen_enforced_dependency (extraneous2) / js)
🟥 Commands ► constraints ► test (two development dependencies / gen_enforced_dependency (extraneous2) / prolog)
🟥 Commands ► constraints ► test (two development dependencies / gen_enforced_dependency (incompatible) / js)
🟥 Commands ► constraints ► test (two development dependencies / gen_enforced_dependency (incompatible) / prolog)
🟥 Commands ► constraints ► test (two development dependencies / gen_enforced_dependency (missing) / js)
🟥 Commands ► constraints ► test (two development dependencies / gen_enforced_dependency (missing) / prolog)
🟥 Commands ► constraints ► test (two development dependencies / gen_enforced_field (ambiguous) / js)
🟥 Commands ► constraints ► test (two development dependencies / gen_enforced_field (ambiguous) / prolog)
🟥 Commands ► constraints ► test (two development dependencies / gen_enforced_field (extraneous) / js)
🟥 Commands ► constraints ► test (two development dependencies / gen_enforced_field (extraneous) / prolog)
🟥 Commands ► constraints ► test (two development dependencies / gen_enforced_field (incompatible) / js)
🟥 Commands ► constraints ► test (two development dependencies / gen_enforced_field (incompatible) / prolog)
🟥 Commands ► constraints ► test (two development dependencies / gen_enforced_field (missing) / js)
🟥 Commands ► constraints ► test (two development dependencies / gen_enforced_field (missing) / prolog)
🟥 Commands ► constraints ► test (two development dependencies / workspace_field w/ array FieldValue / js)
🟥 Commands ► constraints ► test (two development dependencies / workspace_field w/ array FieldValue / prolog)
🟥 Commands ► constraints ► test (two development dependencies / workspace_field w/ object FieldValue / js)
🟥 Commands ► constraints ► test (two development dependencies / workspace_field w/ object FieldValue / prolog)
🟥 Commands ► constraints ► test (two development dependencies / workspace_field w/ string FieldValue / js)
🟥 Commands ► constraints ► test (two development dependencies / workspace_field w/ string FieldValue / prolog)
🟥 Commands ► constraints ► test (two regular dependencies / empty constraints / js)
🟥 Commands ► constraints ► test (two regular dependencies / empty constraints / prolog)
🟥 Commands ► constraints ► test (two regular dependencies / gen_enforced_dependency (ambiguous) / js)
🟥 Commands ► constraints ► test (two regular dependencies / gen_enforced_dependency (ambiguous) / prolog)
🟥 Commands ► constraints ► test (two regular dependencies / gen_enforced_dependency (extraneous) / js)
🟥 Commands ► constraints ► test (two regular dependencies / gen_enforced_dependency (extraneous) / prolog)
🟥 Commands ► constraints ► test (two regular dependencies / gen_enforced_dependency (extraneous2) / js)
🟥 Commands ► constraints ► test (two regular dependencies / gen_enforced_dependency (extraneous2) / prolog)
🟥 Commands ► constraints ► test (two regular dependencies / gen_enforced_dependency (incompatible) / js)
🟥 Commands ► constraints ► test (two regular dependencies / gen_enforced_dependency (incompatible) / prolog)
🟥 Commands ► constraints ► test (two regular dependencies / gen_enforced_dependency (missing) / js)
🟥 Commands ► constraints ► test (two regular dependencies / gen_enforced_dependency (missing) / prolog)
🟥 Commands ► constraints ► test (two regular dependencies / gen_enforced_field (ambiguous) / js)
🟥 Commands ► constraints ► test (two regular dependencies / gen_enforced_field (ambiguous) / prolog)
🟥 Commands ► constraints ► test (two regular dependencies / gen_enforced_field (extraneous) / js)
🟥 Commands ► constraints ► test (two regular dependencies / gen_enforced_field (extraneous) / prolog)
🟥 Commands ► constraints ► test (two regular dependencies / gen_enforced_field (incompatible) / js)
🟥 Commands ► constraints ► test (two regular dependencies / gen_enforced_field (incompatible) / prolog)
🟥 Commands ► constraints ► test (two regular dependencies / gen_enforced_field (missing) / js)
🟥 Commands ► constraints ► test (two regular dependencies / gen_enforced_field (missing) / prolog)
🟥 Commands ► constraints ► test (two regular dependencies / workspace_field w/ array FieldValue / js)
🟥 Commands ► constraints ► test (two regular dependencies / workspace_field w/ array FieldValue / prolog)
🟥 Commands ► constraints ► test (two regular dependencies / workspace_field w/ object FieldValue / js)
🟥 Commands ► constraints ► test (two regular dependencies / workspace_field w/ object FieldValue / prolog)
🟥 Commands ► constraints ► test (two regular dependencies / workspace_field w/ string FieldValue / js)
🟥 Commands ► constraints ► test (two regular dependencies / workspace_field w/ string FieldValue / prolog)
🟥 Commands ► constraints ► test (two regular dependencies, two development dependencies / empty constraints / js)
🟥 Commands ► constraints ► test (two regular dependencies, two development dependencies / empty constraints / prolog)
🟥 Commands ► constraints ► test (two regular dependencies, two development dependencies / gen_enforced_dependency (ambiguous) / js)
🟥 Commands ► constraints ► test (two regular dependencies, two development dependencies / gen_enforced_dependency (ambiguous) / prolog)
🟥 Commands ► constraints ► test (two regular dependencies, two development dependencies / gen_enforced_dependency (extraneous) / js)
🟥 Commands ► constraints ► test (two regular dependencies, two development dependencies / gen_enforced_dependency (extraneous) / prolog)
🟥 Commands ► constraints ► test (two regular dependencies, two development dependencies / gen_enforced_dependency (extraneous2) / js)
🟥 Commands ► constraints ► test (two regular dependencies, two development dependencies / gen_enforced_dependency (extraneous2) / prolog)
🟥 Commands ► constraints ► test (two regular dependencies, two development dependencies / gen_enforced_dependency (incompatible) / js)
🟥 Commands ► constraints ► test (two regular dependencies, two development dependencies / gen_enforced_dependency (incompatible) / prolog)
🟥 Commands ► constraints ► test (two regular dependencies, two development dependencies / gen_enforced_dependency (missing) / js)
🟥 Commands ► constraints ► test (two regular dependencies, two development dependencies / gen_enforced_dependency (missing) / prolog)
🟥 Commands ► constraints ► test (two regular dependencies, two development dependencies / gen_enforced_field (ambiguous) / js)
🟥 Commands ► constraints ► test (two regular dependencies, two development dependencies / gen_enforced_field (ambiguous) / prolog)
🟥 Commands ► constraints ► test (two regular dependencies, two development dependencies / gen_enforced_field (extraneous) / js)
🟥 Commands ► constraints ► test (two regular dependencies, two development dependencies / gen_enforced_field (extraneous) / prolog)
🟥 Commands ► constraints ► test (two regular dependencies, two development dependencies / gen_enforced_field (incompatible) / js)
🟥 Commands ► constraints ► test (two regular dependencies, two development dependencies / gen_enforced_field (incompatible) / prolog)
🟥 Commands ► constraints ► test (two regular dependencies, two development dependencies / gen_enforced_field (missing) / js)
🟥 Commands ► constraints ► test (two regular dependencies, two development dependencies / gen_enforced_field (missing) / prolog)
🟥 Commands ► constraints ► test (two regular dependencies, two development dependencies / workspace_field w/ array FieldValue / js)
🟥 Commands ► constraints ► test (two regular dependencies, two development dependencies / workspace_field w/ array FieldValue / prolog)
🟥 Commands ► constraints ► test (two regular dependencies, two development dependencies / workspace_field w/ object FieldValue / js)
🟥 Commands ► constraints ► test (two regular dependencies, two development dependencies / workspace_field w/ object FieldValue / prolog)
🟥 Commands ► constraints ► test (two regular dependencies, two development dependencies / workspace_field w/ string FieldValue / js)
🟥 Commands ► constraints ► test (two regular dependencies, two development dependencies / workspace_field w/ string FieldValue / prolog)
🟥 Commands ► constraints ► test (various field types / empty constraints / js)
🟥 Commands ► constraints ► test (various field types / empty constraints / prolog)
🟥 Commands ► constraints ► test (various field types / gen_enforced_dependency (ambiguous) / js)
🟥 Commands ► constraints ► test (various field types / gen_enforced_dependency (ambiguous) / prolog)
🟥 Commands ► constraints ► test (various field types / gen_enforced_dependency (extraneous) / js)
🟥 Commands ► constraints ► test (various field types / gen_enforced_dependency (extraneous) / prolog)
🟥 Commands ► constraints ► test (various field types / gen_enforced_dependency (extraneous2) / js)
🟥 Commands ► constraints ► test (various field types / gen_enforced_dependency (extraneous2) / prolog)
🟥 Commands ► constraints ► test (various field types / gen_enforced_dependency (incompatible) / js)
🟥 Commands ► constraints ► test (various field types / gen_enforced_dependency (incompatible) / prolog)
🟥 Commands ► constraints ► test (various field types / gen_enforced_dependency (missing) / js)
🟥 Commands ► constraints ► test (various field types / gen_enforced_dependency (missing) / prolog)
🟥 Commands ► constraints ► test (various field types / gen_enforced_field (ambiguous) / js)
🟥 Commands ► constraints ► test (various field types / gen_enforced_field (ambiguous) / prolog)
🟥 Commands ► constraints ► test (various field types / gen_enforced_field (extraneous) / js)
🟥 Commands ► constraints ► test (various field types / gen_enforced_field (extraneous) / prolog)
🟥 Commands ► constraints ► test (various field types / gen_enforced_field (incompatible) / js)
🟥 Commands ► constraints ► test (various field types / gen_enforced_field (incompatible) / prolog)
🟥 Commands ► constraints ► test (various field types / gen_enforced_field (missing) / js)
🟥 Commands ► constraints ► test (various field types / gen_enforced_field (missing) / prolog)
🟥 Commands ► constraints ► test (various field types / workspace_field w/ array FieldValue / js)
🟥 Commands ► constraints ► test (various field types / workspace_field w/ array FieldValue / prolog)
🟥 Commands ► constraints ► test (various field types / workspace_field w/ object FieldValue / js)
🟥 Commands ► constraints ► test (various field types / workspace_field w/ object FieldValue / prolog)
🟥 Commands ► constraints ► test (various field types / workspace_field w/ string FieldValue / js)
🟥 Commands ► constraints ► test (various field types / workspace_field w/ string FieldValue / prolog)

[0 / 9] packages/acceptance-tests/pkg-tests-specs/sources/commands/constraints/fix.test.js

🟥 Commands ► constraints --fix ► should preserve the raw manifest data when applying a fix
🟥 Commands ► constraints --fix ► shouldn't crash due to an unending fix loop
🟥 Commands ► constraints --fix ► test apply fix to array fields
🟥 Commands ► constraints --fix ► test apply fix to dependencies
🟥 Commands ► constraints --fix ► test apply fix to fields
🟥 Commands ► constraints --fix ► test apply fix to fields and manifests
🟥 Commands ► constraints --fix ► test apply fix to object fields
🟥 Commands ► constraints --fix ► test apply fix to string fields
🟥 Commands ► constraints --fix ► test applying fix shouldn't duplicate workspaces

[0 / 67] packages/acceptance-tests/pkg-tests-specs/sources/commands/constraints/query.test.js

🟥 Commands ► constraints query ► test (empty project / combined predicates)
🟥 Commands ► constraints query ► test (empty project / custom predicate)
🟥 Commands ► constraints query ► test (empty project / filter w/ workspace_field_test/3)
🟥 Commands ► constraints query ► test (empty project / filter w/ workspace_field_test/4)
🟥 Commands ► constraints query ► test (empty project / single predicate with ignored variable)
🟥 Commands ► constraints query ► test (empty project / single predicate)
🟥 Commands ► constraints query ► test (empty project / workspace_field w/ array FieldValue)
🟥 Commands ► constraints query ► test (empty project / workspace_field w/ object FieldValue)
🟥 Commands ► constraints query ► test (empty project / workspace_field w/ string FieldValue)
🟥 Commands ► constraints query ► test (multiple workspaces / combined predicates)
🟥 Commands ► constraints query ► test (multiple workspaces / custom predicate)
🟥 Commands ► constraints query ► test (multiple workspaces / filter w/ workspace_field_test/3)
🟥 Commands ► constraints query ► test (multiple workspaces / filter w/ workspace_field_test/4)
🟥 Commands ► constraints query ► test (multiple workspaces / single predicate with ignored variable)
🟥 Commands ► constraints query ► test (multiple workspaces / single predicate)
🟥 Commands ► constraints query ► test (multiple workspaces / workspace_field w/ array FieldValue)
🟥 Commands ► constraints query ► test (multiple workspaces / workspace_field w/ object FieldValue)
🟥 Commands ► constraints query ► test (multiple workspaces / workspace_field w/ string FieldValue)
🟥 Commands ► constraints query ► test (one regular dependency / combined predicates)
🟥 Commands ► constraints query ► test (one regular dependency / custom predicate)
🟥 Commands ► constraints query ► test (one regular dependency / filter w/ workspace_field_test/3)
🟥 Commands ► constraints query ► test (one regular dependency / filter w/ workspace_field_test/4)
🟥 Commands ► constraints query ► test (one regular dependency / single predicate with ignored variable)
🟥 Commands ► constraints query ► test (one regular dependency / single predicate)
🟥 Commands ► constraints query ► test (one regular dependency / workspace_field w/ array FieldValue)
🟥 Commands ► constraints query ► test (one regular dependency / workspace_field w/ object FieldValue)
🟥 Commands ► constraints query ► test (one regular dependency / workspace_field w/ string FieldValue)
🟥 Commands ► constraints query ► test (two development dependencies / combined predicates)
🟥 Commands ► constraints query ► test (two development dependencies / custom predicate)
🟥 Commands ► constraints query ► test (two development dependencies / filter w/ workspace_field_test/3)
🟥 Commands ► constraints query ► test (two development dependencies / filter w/ workspace_field_test/4)
🟥 Commands ► constraints query ► test (two development dependencies / single predicate with ignored variable)
🟥 Commands ► constraints query ► test (two development dependencies / single predicate)
🟥 Commands ► constraints query ► test (two development dependencies / workspace_field w/ array FieldValue)
🟥 Commands ► constraints query ► test (two development dependencies / workspace_field w/ object FieldValue)
🟥 Commands ► constraints query ► test (two development dependencies / workspace_field w/ string FieldValue)
🟥 Commands ► constraints query ► test (two regular dependencies / combined predicates)
🟥 Commands ► constraints query ► test (two regular dependencies / custom predicate)
🟥 Commands ► constraints query ► test (two regular dependencies / filter w/ workspace_field_test/3)
🟥 Commands ► constraints query ► test (two regular dependencies / filter w/ workspace_field_test/4)
🟥 Commands ► constraints query ► test (two regular dependencies / single predicate with ignored variable)
🟥 Commands ► constraints query ► test (two regular dependencies / single predicate)
🟥 Commands ► constraints query ► test (two regular dependencies / workspace_field w/ array FieldValue)
🟥 Commands ► constraints query ► test (two regular dependencies / workspace_field w/ object FieldValue)
🟥 Commands ► constraints query ► test (two regular dependencies / workspace_field w/ string FieldValue)
🟥 Commands ► constraints query ► test (two regular dependencies, two development dependencies / combined predicates)
🟥 Commands ► constraints query ► test (two regular dependencies, two development dependencies / custom predicate)
🟥 Commands ► constraints query ► test (two regular dependencies, two development dependencies / filter w/ workspace_field_test/3)
🟥 Commands ► constraints query ► test (two regular dependencies, two development dependencies / filter w/ workspace_field_test/4)
🟥 Commands ► constraints query ► test (two regular dependencies, two development dependencies / single predicate with ignored variable)
🟥 Commands ► constraints query ► test (two regular dependencies, two development dependencies / single predicate)
🟥 Commands ► constraints query ► test (two regular dependencies, two development dependencies / workspace_field w/ array FieldValue)
🟥 Commands ► constraints query ► test (two regular dependencies, two development dependencies / workspace_field w/ object FieldValue)
🟥 Commands ► constraints query ► test (two regular dependencies, two development dependencies / workspace_field w/ string FieldValue)
🟥 Commands ► constraints query ► test (various field types / combined predicates)
🟥 Commands ► constraints query ► test (various field types / custom predicate)
🟥 Commands ► constraints query ► test (various field types / filter w/ workspace_field_test/3)
🟥 Commands ► constraints query ► test (various field types / filter w/ workspace_field_test/4)
🟥 Commands ► constraints query ► test (various field types / single predicate with ignored variable)
🟥 Commands ► constraints query ► test (various field types / single predicate)
🟥 Commands ► constraints query ► test (various field types / workspace_field w/ array FieldValue)
🟥 Commands ► constraints query ► test (various field types / workspace_field w/ object FieldValue)
🟥 Commands ► constraints query ► test (various field types / workspace_field w/ string FieldValue)
🟥 Commands ► constraints query ► test with a syntax error
🟥 Commands ► constraints query ► test with an empty predicate
🟥 Commands ► constraints query ► test with an unknown predicate
🟥 Commands ► constraints query ► test without trailing .

[0 / 28] packages/acceptance-tests/pkg-tests-specs/sources/commands/constraints/source.test.js

🟥 Commands ► constraints source ► test (empty project / empty constraints)
🟥 Commands ► constraints source ► test (empty project / gen_enforced_dependency (extraneous))
🟥 Commands ► constraints source ► test (empty project / gen_enforced_dependency (incompatible))
🟥 Commands ► constraints source ► test (empty project / gen_enforced_dependency (missing))
🟥 Commands ► constraints source ► test (multiple workspaces / empty constraints)
🟥 Commands ► constraints source ► test (multiple workspaces / gen_enforced_dependency (extraneous))
🟥 Commands ► constraints source ► test (multiple workspaces / gen_enforced_dependency (incompatible))
🟥 Commands ► constraints source ► test (multiple workspaces / gen_enforced_dependency (missing))
🟥 Commands ► constraints source ► test (one regular dependency / empty constraints)
🟥 Commands ► constraints source ► test (one regular dependency / gen_enforced_dependency (extraneous))
🟥 Commands ► constraints source ► test (one regular dependency / gen_enforced_dependency (incompatible))
🟥 Commands ► constraints source ► test (one regular dependency / gen_enforced_dependency (missing))
🟥 Commands ► constraints source ► test (two development dependencies / empty constraints)
🟥 Commands ► constraints source ► test (two development dependencies / gen_enforced_dependency (extraneous))
🟥 Commands ► constraints source ► test (two development dependencies / gen_enforced_dependency (incompatible))
🟥 Commands ► constraints source ► test (two development dependencies / gen_enforced_dependency (missing))
🟥 Commands ► constraints source ► test (two regular dependencies / empty constraints)
🟥 Commands ► constraints source ► test (two regular dependencies / gen_enforced_dependency (extraneous))
🟥 Commands ► constraints source ► test (two regular dependencies / gen_enforced_dependency (incompatible))
🟥 Commands ► constraints source ► test (two regular dependencies / gen_enforced_dependency (missing))
🟥 Commands ► constraints source ► test (two regular dependencies, two development dependencies / empty constraints)
🟥 Commands ► constraints source ► test (two regular dependencies, two development dependencies / gen_enforced_dependency (extraneous))
🟥 Commands ► constraints source ► test (two regular dependencies, two development dependencies / gen_enforced_dependency (incompatible))
🟥 Commands ► constraints source ► test (two regular dependencies, two development dependencies / gen_enforced_dependency (missing))
🟥 Commands ► constraints source ► test (various field types / empty constraints)
🟥 Commands ► constraints source ► test (various field types / gen_enforced_dependency (extraneous))
🟥 Commands ► constraints source ► test (various field types / gen_enforced_dependency (incompatible))
🟥 Commands ► constraints source ► test (various field types / gen_enforced_dependency (missing))

[0 / 5] packages/acceptance-tests/pkg-tests-specs/sources/commands/create.test.ts

🟥 Commands ► create ► it should generate `hello.txt` correctly using a scoped starter-kit-package
🟥 Commands ► create ► it should generate `hello.txt` correctly using a starter-kit-package
🟥 Commands ► create ► it should treat '@scope' as '@scope/create'
🟥 Commands ► create ► it should treat '@scope@next' as '@scope/create@next'
🟥 Commands ► create ► it should treat '@scope/app' as '@scope/create-app'

[3 / 13] packages/acceptance-tests/pkg-tests-specs/sources/commands/dedupe.test.ts

🟥 Commands ► dedupe ► flags ► --json
🟥 Commands ► dedupe ► flags ► -c,--check ► should reject with error code 1 when there are duplicates
🟩 Commands ► dedupe ► flags ► -c,--check ► should resolve with error code 0 when there are no duplicates
🟥 Commands ► dedupe ► flags ► -s,--strategy
🟥 Commands ► dedupe ► patterns ► should support selective dedupe (ident glob)
🟥 Commands ► dedupe ► patterns ► should support selective dedupe (ident)
🟥 Commands ► dedupe ► patterns ► should support selective dedupe (scoped ident glob)
🟥 Commands ► dedupe ► patterns ► should support selective dedupe (scoped ident)
🟥 Commands ► dedupe ► should include a footer
🟥 Commands ► dedupe ► strategies ► highest ► should dedupe dependencies
🟥 Commands ► dedupe ► strategies ► highest ► should dedupe dependencies to the highest possible version
🟩 Commands ► dedupe ► strategies ► highest ► should handle aliased packages
🟩 Commands ► dedupe ► strategies ► highest ► should not throw on resolutions by npm-tag-resolver with __archiveUrl

[3 / 14] packages/acceptance-tests/pkg-tests-specs/sources/commands/dlx.test.js

🟥 Commands ► dlx ► it should always update the binary between two calls
🟥 Commands ► dlx ► it should forward the arguments to the binary
🟥 Commands ► dlx ► it should not fail when plugins are locally enabled using a string entry with a relative path
🟥 Commands ► dlx ► it should not fail when plugins are locally enabled using a string entry with an absolute path
🟥 Commands ► dlx ► it should not fail when plugins are locally enabled using an object entry
🟥 Commands ► dlx ► it should respect locally configured registry scopes
🟥 Commands ► dlx ► it should return the exit code from the binary
🟥 Commands ► dlx ► it should run the specified binary
🟥 Commands ► dlx ► it should support running arbitrary versions
🟥 Commands ► dlx ► it should support running different binaries than the default one
🟥 Commands ► dlx ► it should use the exact tag specified
🟩 Commands ► dlx ► it shouldn't warn on unused package extensions in projects created by dlx (dependencies)
🟩 Commands ► dlx ► it shouldn't warn on unused package extensions in projects created by dlx (peerDependencies)
🟩 Commands ► dlx ► it shouldn't warn on unused package extensions in projects created by dlx (peerDependenciesMeta)

[1 / 3] packages/acceptance-tests/pkg-tests-specs/sources/commands/exec.test.ts

🟩 Commands ► exec ► it should allow running shell scripts
🟥 Commands ► exec ► it should inject binaries the workspace has access to
🟥 Commands ► exec ► it should preserve the exit code

[0 / 10] packages/acceptance-tests/pkg-tests-specs/sources/commands/info.test.ts

🟥 Commands ► info ► it should allow filtering packages by both glob ident and reference
🟥 Commands ► info ► it should allow filtering packages by glob idents
🟥 Commands ► info ► it should allow filtering packages by reference
🟥 Commands ► info ► it should print info for all the matching packages
🟥 Commands ► info ► it should print info for other workspaces if -A,--all is set
🟥 Commands ► info ► it should print info for the specified package
🟥 Commands ► info ► it should print info for the transitive dependencies if -R,--recursive is set
🟥 Commands ► info ► it should throw an error if the package is nowhere to be found
🟥 Commands ► info ► it shouldn't print info for other workspaces by default
🟥 Commands ► info ► it shouldn't print info for the transitive dependencies by default

[0 / 4] packages/acceptance-tests/pkg-tests-specs/sources/commands/init.test.ts

🟥 Commands ► init ► it should copy the currently running bundle when using --install
🟥 Commands ► init ► it should create a new package.json in the local directory if it doesn't exist
🟥 Commands ► init ► it should create a new package.json in the specified directory even if said directory doesn't exist
🟥 Commands ► init ► it should create a new package.json in the specified directory if it doesn't exist

[4 / 36] packages/acceptance-tests/pkg-tests-specs/sources/commands/install.test.ts

🟥 Commands ► install ► displays validation issues of nested workspaces
🟥 Commands ► install ► it should accept to add files to the cache when using --immutable without --immutable-cache
🟥 Commands ► install ► it should block invalid lockfiles when using --refresh-lockfile with --immutable
🟥 Commands ► install ► it should disable immutable installs when using `--mode=update-lockfile`
🟥 Commands ► install ► it should enable --refresh-lockfile --immutable by default in public PR CIs
🟥 Commands ► install ► it should exit with an error code after an unexpected empty event loop
🟥 Commands ► install ► it should fetch only required packages when using `--mode=update-lockfile`
🟩 Commands ► install ► it should not enable --refresh-lockfile --immutable if the GH environment file is missing
🟩 Commands ► install ► it should not enable --refresh-lockfile --immutable if the GH environment file is weird
🟩 Commands ► install ► it should not enable --refresh-lockfile --immutable in private PR CIs
🟥 Commands ► install ► it should print a warning when using `enableScripts: false`
🟥 Commands ► install ► it should print an info when `dependenciesMeta[].built: false`, even when using using `enableScripts: false`
🟥 Commands ► install ► it should print regular messages as JSON items when using --json
🟥 Commands ► install ► it should print the logs to the standard output when using --inline-builds
🟥 Commands ► install ► it should refuse to add files to the cache when using --immutable-cache
🟥 Commands ► install ► it should refuse to add files to the cache when using --immutable-cache, even when the lockfile is good
🟥 Commands ► install ► it should refuse to change the lockfile when using --immutable
🟥 Commands ► install ► it should refuse to create a cache when using --immutable-cache
🟥 Commands ► install ► it should refuse to create a lockfile when using --immutable
🟥 Commands ► install ► it should refuse to remove files from the cache when using --immutable-cache
🟥 Commands ► install ► it should skip build scripts when using --mode=skip-build
🟥 Commands ► install ► it should throw a proper error if not find any locator
🟥 Commands ► install ► it should throw when `--immutable` or `--immutable-cache` is specified with `--mode=update-lockfile`
🟥 Commands ► install ► it should update the lockfile when using --refresh-lockfile
🟥 Commands ► install ► it should validate the cache files against the remote source when using --check-cache
🟥 Commands ► install ► it shouldn't impact how artifacts are generated when using --mode=skip-build
🟥 Commands ► install ► reports warning if published binary field is a path but no package name is set
🟥 Commands ► install ► should not build virtual workspaces
🟩 Commands ► install ► should not continue running build scripts if one of them fails
🟥 Commands ► install ► should not mark package as built if any of its scripts fails
🟥 Commands ► install ► should only print one error message for failed builds
🟥 Commands ► install ► should support a self-referencing build dependency
🟥 Commands ► install ► should support a self-referencing virtual workspace build dependency
🟥 Commands ► install ► should wait for direct dependencies to finish building
🟥 Commands ► install ► should wait for indirect dependencies to finish building
🟥 Commands ► install ► should wait for virtual workspace dependencies to finish building

[0 / 9] packages/acceptance-tests/pkg-tests-specs/sources/commands/link.test.js

🟥 Commands ► link ► it should add the resolution override to the top-level workspace
🟥 Commands ► link ► it should allow linking multiple workspaces
🟥 Commands ► link ► it should allow to link a project with another one
🟥 Commands ► link ► it should allow to link all workspaces from another project
🟥 Commands ► link ► it should link the private workspaces if the right flag is used
🟥 Commands ► link ► it should not allow linking a project to itself
🟥 Commands ► link ► it should not link the private workspaces by default
🟥 Commands ► link ► it should not load plugins from the link target
🟥 Commands ► link ► it should not load the link target config in strict mode

[5 / 18] packages/acceptance-tests/pkg-tests-specs/sources/commands/npm/audit.test.ts

🟥 Commands ► npm audit ► it should allow excluding packages
🟥 Commands ► npm audit ► it should allow excluding packages (deprecations)
🟥 Commands ► npm audit ► it should allow excluding packages (when using --json)
🟥 Commands ► npm audit ► it should allow ignoring advisories
🟥 Commands ► npm audit ► it should allow ignoring advisories (when using --json)
🟥 Commands ► npm audit ► it should also audit development packages by default
🟩 Commands ► npm audit ► it should also audit only development packages if requested
🟩 Commands ► npm audit ► it should also audit only production packages if requested
🟥 Commands ► npm audit ► it should detect transitive vulnerable packages when requested
🟥 Commands ► npm audit ► it should follow link:-protocol dependencies
🟥 Commands ► npm audit ► it should perform the deprecation checks against the package registry, not the audit registry
🟥 Commands ► npm audit ► it should report deprecations as audit issues even when they're set to whitespaces
🟥 Commands ► npm audit ► it should return all vulnerabilities in a vulnerable package
🟥 Commands ► npm audit ► it should return vulnerable packages
🟥 Commands ► npm audit ► it should return vulnerable virtual packages
🟩 Commands ► npm audit ► it shouldn't detect transitive vulnerable packages by default
🟩 Commands ► npm audit ► it shouldn't report deprecations when they're set to empty strings
🟩 Commands ► npm audit ► it shouldn't return vulnerable packages if the current version isn't affected

[0 / 4] packages/acceptance-tests/pkg-tests-specs/sources/commands/npm/info.test.ts

🟥 Commands ► npm info ► it should return information about a specific version if requested
🟥 Commands ► npm info ► it should return information about a tagged version if requested
🟥 Commands ► npm info ► it should return information about the highest version that satisfies a range
🟥 Commands ► npm info ► it should return information about the latest version of a package if no range is specified

[0 / 8] packages/acceptance-tests/pkg-tests-specs/sources/commands/npm/login.test.ts

🟥 Commands ► npm login ► it should login a user with no OTP setup
🟥 Commands ► npm login ► it should login a user with no OTP setup to a specific scope
🟥 Commands ► npm login ► it should login a user with OTP setup
🟥 Commands ► npm login ► it should login a user with OTP to a specific scope
🟥 Commands ► npm login ► it should print the npm-notice when an OTP is requested
🟥 Commands ► npm login ► it should store npmAlwaysAuth when passed as option
🟥 Commands ► npm login ► it should throw an error when credentials are incorrect
🟥 Commands ► npm login ► it should throw an error with incorrect OTP

[0 / 4] packages/acceptance-tests/pkg-tests-specs/sources/commands/npm/logout.test.ts

🟥 Commands ► npm logout ► should logout a user from all registries and all scopes when the -A,--all flag is used
🟥 Commands ► npm logout ► should logout a user from the default registry when no arguments are passed
🟥 Commands ► npm logout ► should logout a user from the publish registry when the --publish flag is used
🟥 Commands ► npm logout ► should logout a user from the scope registry when the -s,--scope flag is used

[0 / 7] packages/acceptance-tests/pkg-tests-specs/sources/commands/npm/whoami.test.js

🟥 Commands ► npm whoami ► it should print the npm registry username for a given scope
🟥 Commands ► npm whoami ► it should print the npm registry username when config has a valid npmAuthIdent
🟥 Commands ► npm whoami ► it should print the npm registry username when config has a valid npmAuthToken
🟥 Commands ► npm whoami ► it should thow an error when invalid auth config is found for a scope
🟥 Commands ► npm whoami ► it should throw an error when config has an invalid npmAuthIdent
🟥 Commands ► npm whoami ► it should throw an error when config has an invalid npmAuthToken
🟥 Commands ► npm whoami ► it should throw an error when no auth config is found

[8 / 42] packages/acceptance-tests/pkg-tests-specs/sources/commands/pack.test.js

🟥 Commands ► pack ► it should allow to explicitly add back a file excluded by a gitignore
🟥 Commands ► pack ► it should allow to explicitly add back a single file excluded by a gitignore
🟥 Commands ► pack ► it should always include CHANGELOG (and its variants), even with a "files" field
🟥 Commands ► pack ► it should always include README (and its variants), even with a "files" field
🟥 Commands ► pack ► it should always include the binary files, even with a "files" field
🟥 Commands ► pack ► it should always include the main file, even with a "files" field
🟥 Commands ► pack ► it should always include the manifest, even with a "files" field
🟥 Commands ► pack ► it should generate an archive with a custom name when using `--out`
🟥 Commands ► pack ► it should ignore root .gitignore files when using the 'files' field
🟩 Commands ► pack ► it should ignore the files covered by the local gitignore file
🟩 Commands ► pack ► it should ignore the files covered by the local npmignore file
🟩 Commands ► pack ► it should ignore the folders covered by the local npmignore file
🟥 Commands ► pack ► it should ignore the patterns from a gitignore if a npmignore exists
🟥 Commands ► pack ► it should keep digging inside excluded folders (unlike gitignore!)
🟥 Commands ► pack ► it should list all the files in a package
🟥 Commands ► pack ► it should make the filename non-descriptive by default
🟥 Commands ► pack ► it should never set the +x flag on files in general
🟥 Commands ► pack ► it should not include any extra files when the "files" field is empty
🟥 Commands ► pack ► it should only keep the files covered by the "files" field
🟥 Commands ► pack ► it should override fields in the packed manifest
🟥 Commands ► pack ► it should put the file relative to the cwd when using `--out`
🟥 Commands ► pack ► it should put the file relative to the workspace root by default
🟥 Commands ► pack ► it should reflect changes made to package.json during prepack
🟥 Commands ► pack ► it should replace `%s` even if the package has no scope
🟥 Commands ► pack ► it should replace as many patterns as needed in `--out`
🟥 Commands ► pack ► it should replace the `%s` pattern in `--out`
🟥 Commands ► pack ► it should replace the `%v` pattern in `--out`
🟥 Commands ► pack ► it should replace the workspace: protocol correctly
🟥 Commands ► pack ► it should set the +x flag executableFiles entries
🟥 Commands ► pack ► it should set the +x flag on bin entries
🟥 Commands ► pack ► it should support excluding folders from the "files" field
🟥 Commands ► pack ► it should support excluding patterns from the "files" field
🟥 Commands ► pack ► it should support excluding patterns in included parent directory from the "files" field
🟥 Commands ► pack ► it should support gitignore patterns (*)
🟥 Commands ► pack ► it should support gitignore patterns (**)
🟥 Commands ► pack ► it should support when the "browser" field is an object
🟥 Commands ► pack ► it should support writing the archive in a absolute destination
🟩 Commands ► pack ► it shouldn't add .gitignore files to the package files
🟩 Commands ► pack ► it shouldn't add .npmignore files to the package files
🟩 Commands ► pack ► it shouldn't add the cache to the package files
🟩 Commands ► pack ► it shouldn't add the lockfile to the package files
🟩 Commands ► pack ► it shouldn't pack Yarn files by default

[0 / 2] packages/acceptance-tests/pkg-tests-specs/sources/commands/patch.test.ts

🟥 Commands ► patch ► it should augment current patches when using the -u flag
🟥 Commands ► patch ► it should restart the patch from scratch on subsequent patches by default

[0 / 6] packages/acceptance-tests/pkg-tests-specs/sources/commands/patchCommit.test.ts

🟥 Commands ► patch-commit ► it should be able to patch virtual packages
🟥 Commands ► patch-commit ► it should generate a patch from a package folder
🟥 Commands ► patch-commit ► it should reference patches from the workspace dependencies when possible
🟥 Commands ► patch-commit ► it should reference patches using the 'resolutions' field when required
🟥 Commands ► patch-commit ► it should replace the patch when calling patch-commit again, not wrap it into another patch layer
🟥 Commands ► patch-commit ► it should save patches into a local folder if requested

[0 / 2] packages/acceptance-tests/pkg-tests-specs/sources/commands/plugin/check.test.ts

🟥 Commands ► plugin check ► it should print out the plugin when it has a different checksum
🟥 Commands ► plugin check ► it should run successfully and do nothing

[0 / 3] packages/acceptance-tests/pkg-tests-specs/sources/commands/plugin/import.test.ts

🟥 Commands ► plugin import ► it should clear the plugin's checksum, if it using `--no-checksum` option
🟥 Commands ► plugin import ► it should support adding a plugin via its path
🟥 Commands ► plugin import ► it should update plugin's checksum, if it's different

[0 / 2] packages/acceptance-tests/pkg-tests-specs/sources/commands/plugin/remove.test.ts

🟥 Commands ► plugin remove ► it should completely remove the key when removing the last plugin
🟥 Commands ► plugin remove ► it should support removing a plugin via its name

[4 / 5] packages/acceptance-tests/pkg-tests-specs/sources/commands/publish.test.ts

🟩 publish ► it should detect the gitHead for this repo
🟩 publish ► it should not detect the gitHead for this repo
🟩 publish ► should accept an otp and skip prompting for it
🟥 publish ► should fail when invalid otp is given
🟩 publish ► should publish a package with the readme content

[0 / 2] packages/acceptance-tests/pkg-tests-specs/sources/commands/rebuild.test.js

🟥 Commands ► rebuild ► it rebuild a single package when called with arguments
🟥 Commands ► rebuild ► it rebuild everything when called without arguments

[2 / 12] packages/acceptance-tests/pkg-tests-specs/sources/commands/remove.test.js

🟩 Commands ► remove ► it should leave alone other development dependencies
🟩 Commands ► remove ► it should leave alone other regular dependencies
🟥 Commands ► remove ► it should remove a dependency from both regular and development environments
🟥 Commands ► remove ► it should remove a specific development dependency amongst many
🟥 Commands ► remove ► it should remove a specific regular dependency amongst many
🟥 Commands ► remove ► it should remove all dependencies matching a glob pattern (braces)
🟥 Commands ► remove ► it should remove all dependencies matching a glob pattern (scope & star)
🟥 Commands ► remove ► it should remove all dependencies matching a glob pattern (star-word-star)
🟥 Commands ► remove ► it should remove all dependencies matching a glob pattern (star)
🟥 Commands ► remove ► it should remove all the occurrences of the specified dependency when using -A
🟥 Commands ► remove ► it should remove the last development dependency from the current project
🟥 Commands ► remove ► it should remove the last regular dependency from the current project

[4 / 14] packages/acceptance-tests/pkg-tests-specs/sources/commands/run.test.js

🟥 Commands ► run misc ► it should ignore scripts when --binaries-only is set
🟥 Commands ► run misc ► it should normalize scoped bin entries
🟥 Commands ► run misc ► it should prefer scripts over binaries
🟥 Commands ► run misc ► it should print the list of available scripts as JSON if no parameters passed to command
🟥 Commands ► run misc ► it should print the list of available scripts if no parameters passed to command
🟩 Commands ► run misc ► it should run the binaries from our dependencies if available
🟩 Commands ► run misc ► it shouldn't require the "--" flag to stop interpreting options after "run" commands (binaries)
🟥 Commands ► run misc ► it shouldn't require the "--" flag to stop interpreting options after "run" commands (scripts)
🟥 Commands ► run with prefix ► it should properly forward the script exit codes
🟥 Commands ► run with prefix ► it should properly forward the script exit codes when calling into another yarnPath binary
🟩 Commands ► run with prefix ► it should run the selected script if available
🟥 Commands ► run without prefix ► it should properly forward the script exit codes
🟥 Commands ► run without prefix ► it should properly forward the script exit codes when calling into another yarnPath binary
🟩 Commands ► run without prefix ► it should run the selected script if available

[0 / 10] packages/acceptance-tests/pkg-tests-specs/sources/commands/set/version.test.ts

🟥 Commands ► set version ► it should always set yarnPath if --yarn-path is set
🟥 Commands ► set version ► it should always set yarnPath if one already exists
🟥 Commands ► set version ► it should never set yarnPath if --no-yarn-path is set
🟥 Commands ► set version ► it should prevent using --no-yarn-path with arbitrary files
🟥 Commands ► set version ► it should set yarnPath even if yarnPath is set outside of the project
🟥 Commands ► set version ► it should set yarnPath if corepack is disabled, even when the version is semver
🟥 Commands ► set version ► it should set yarnPath if the version is an arbitrary file
🟥 Commands ► set version ► it should set yarnPath when using '--only-if-needed' even if yarnPath is set outside of the project
🟥 Commands ► set version ► it shouldn't set the version when using '--only-if-needed' and a yarnPath is already set
🟥 Commands ► set version ► it shouldn't set yarnPath if corepack is enabled and the version is semver

[0 / 4] packages/acceptance-tests/pkg-tests-specs/sources/commands/stage.test.js

🟥 Commands ► stage ► it should commit with right messages
🟥 Commands ► stage ► it should not stage non-yarn files
🟥 Commands ► stage ► it should stage the cache folder
🟥 Commands ► stage ► it should stage the initial files

[0 / 6] packages/acceptance-tests/pkg-tests-specs/sources/commands/unlink.test.js

🟥 Commands ► unlink ► it should allow to unlink a project from another one
🟥 Commands ► unlink ► it should allow to unlink all workspaces specified from another project
🟥 Commands ► unlink ► it should remove all resolutions matching the specified glob
🟥 Commands ► unlink ► it should remove all resolutions with the portal protocol when no destination specified
🟥 Commands ► unlink ► it should remove resolutions matching the multiple globs and paths provided
🟥 Commands ► unlink ► it should remove the resolution override from the top-level workspace

[0 / 9] packages/acceptance-tests/pkg-tests-specs/sources/commands/unplug.test.ts

🟥 Commands ► unplug ► it should be able to unplug packages with peer dependencies
🟥 Commands ► unplug ► it should not use an outdated install state
🟥 Commands ► unplug ► it should respect the `--json` flag
🟥 Commands ► unplug ► it should respect the `-A,--all` and `-R,--recursive` flags put together
🟥 Commands ► unplug ► it should respect the `-A,--all` flag
🟥 Commands ► unplug ► it should respect the `-A,--all` flag even under some particular workspace patterns
🟥 Commands ► unplug ► it should respect the `-R,--recursive` flag
🟥 Commands ► unplug ► it should unplug all dependencies matching a glob pattern
🟥 Commands ► unplug ► it should unplug all dependencies satisfying a range

[3 / 9] packages/acceptance-tests/pkg-tests-specs/sources/commands/up.test.ts

🟥 Commands ► up ► it should bump dependency ranges to their latest
🟩 Commands ► up ► it should skip build scripts when using --mode=skip-build
🟩 Commands ► up ► it should skip build scripts when using --mode=skip-build (recursive)
🟥 Commands ► up ► it should upgrade all dependencies matching a glob pattern (scope & star & range)
🟥 Commands ► up ► it should upgrade all dependencies matching a glob pattern (scope & star)
🟥 Commands ► up ► it should upgrade all dependencies when the name is *
🟥 Commands ► up ► it should upgrade regular dependencies to the current project (fixed tag)
🟥 Commands ► up ► it should upgrade regular dependencies to the current project (resolved tag)
🟩 Commands ► up ► it shouldn't do anything when the dependency is already the latest

[0 / 18] packages/acceptance-tests/pkg-tests-specs/sources/commands/version.test.ts

🟥 Commands ► version check ► it should correctly report a dependent workspace when unable to upgrade its version.
🟥 Commands ► version check ► it should immediatly increase the version number for a workspace when using --immediate, even if preferDeferredVersions is set
🟥 Commands ► version check ► it should increase the version number for a workspace
🟥 Commands ► version check ► it should successfully apply "decline" on top of the stored version
🟥 Commands ► version check ► it should successfully apply a version bump that can't be described by a strategy
🟥 Commands ► version check ► it should successfully apply a version bump that can't be described by a strategy on top of the stored version
🟥 Commands ► version check ► it should throw when applying an invalid strategy
🟥 Commands ► version check ► it should throw when applying an invalid strategy (deferred)
🟥 Commands ► version check ► it should throw when applying an invalid strategy on top of the stored version
🟥 Commands ► version check ► it should work if the immediate bump is equal to the planned version (incremental strategy)
🟥 Commands ► version check ► it should work if the immediate bump is equal to the planned version (semver strategy)
🟥 Commands ► version check ► it should work if the immediate bump is greater than the planned version (incremental strategy)
🟥 Commands ► version check ► it should work if the immediate bump is greater than the planned version (semver strategy)
🟥 Commands ► version check ► it shouldn't immediatly increase the version number for a workspace when using --deferred
🟥 Commands ► version check ► it shouldn't immediatly increase the version number for a workspace when using preferDeferredVersions
🟥 Commands ► version check ► it shouldn't work if the immediate bump would be lower than the planned version (incremental strategy)
🟥 Commands ► version check ► it shouldn't work if the immediate bump would be lower than the planned version (semver strategy)
🟥 Commands ► version check ► it shouldn't work if the strategy isn't semver and there is no prior version

[1 / 9] packages/acceptance-tests/pkg-tests-specs/sources/commands/version/apply.test.ts

🟩 Commands ► version apply ► it should apply "decline"
🟥 Commands ► version apply ► it should apply the new version to multiple packages if needed
🟥 Commands ► version apply ► it should apply the new version to the relevant package
🟥 Commands ► version apply ► it should auto-update the dependencies (explicit range)
🟥 Commands ► version apply ► it should auto-update the dependencies (explicit)
🟥 Commands ► version apply ► it should auto-update the dependencies (implicit range)
🟥 Commands ► version apply ► it should auto-update the dependencies (implicit)
🟥 Commands ► version apply ► it should only apply the new version to the relevant packages
🟥 Commands ► version apply ► it should successfully apply a version bump that can't be described by a strategy (deferred)

[7 / 10] packages/acceptance-tests/pkg-tests-specs/sources/commands/version/check.test.js

🟥 Commands ► version check ► it should detect that a dependent workspace changed vs master
🟥 Commands ► version check ► it should detect that a dependent workspace changed vs master, even when the current workspace already has a bump scheduled
🟥 Commands ► version check ► it should detect that a workspace changed vs master
🟩 Commands ► version check ► it should pass for basic repositories
🟩 Commands ► version check ► it shouldn't detect a change when pulling master
🟩 Commands ► version check ► it shouldn't throw if a dependent workspace has been bumped
🟩 Commands ► version check ► it shouldn't throw if a dependent workspace has declined to be bumped
🟩 Commands ► version check ► it shouldn't throw if a modified workspace has been bumped
🟩 Commands ► version check ► it shouldn't throw if a modified workspace has declined to be bumped
🟩 Commands ► version check ► it shouldn't throw if changes were reverted

[0 / 5] packages/acceptance-tests/pkg-tests-specs/sources/commands/why.test.ts

🟥 Commands ► why ► it should list the packages using a specific dependency
🟥 Commands ► why ► it should list the workspaces using a specific dependency
🟥 Commands ► why ► it should list workspaces transitively using a specific dependency
🟥 Commands ► why ► it should list workspaces transitively using a specific dependency (A = regular dep, B = workspace dep)
🟥 Commands ► why ► it should list workspaces transitively using a specific dependency (A = workspace dep, B = regular dep)

[0 / 3] packages/acceptance-tests/pkg-tests-specs/sources/commands/workspace.test.ts

🟥 Commands ► workspace <workspace-name> <sub-command> ► runs a given command in the specified workspace
🟥 Commands ► workspace <workspace-name> <sub-command> ► should run set INIT_CWD to each individual workspace cwd
🟥 Commands ► workspace <workspace-name> <sub-command> ► when the given workspace doesnt exist lists all possible workspaces

[0 / 8] packages/acceptance-tests/pkg-tests-specs/sources/commands/workspaces/focus.test.js

🟥 Commands ► workspaces focus ► should follow local workspace dependencies
🟥 Commands ► workspaces focus ► should follow local workspace devDependencies
🟥 Commands ► workspaces focus ► should install development dependencies by default
🟥 Commands ► workspaces focus ► should install the dependencies for specified workspaces only
🟥 Commands ► workspaces focus ► should install the dependencies for the focused workspace only
🟥 Commands ► workspaces focus ► should not execute postinstall scripts of unspecified workspace
🟥 Commands ► workspaces focus ► should not follow local workspace devDependencies for production installs
🟥 Commands ► workspaces focus ► should only install production dependencies if requested

[0 / 28] packages/acceptance-tests/pkg-tests-specs/sources/commands/workspaces/foreach.test.js

🟥 Commands ► workspace foreach ► --since --recursive runs on workspaces changed and their dependents
🟥 Commands ► workspace foreach ► --since runs on no workspaces if there are no staged or unstaged changes on the default branch
🟥 Commands ► workspace foreach ► --since runs on no workspaces if there have been no changes
🟥 Commands ► workspace foreach ► --since runs on workspaces changed since branching from the default branch
🟥 Commands ► workspace foreach ► --since runs on workspaces changed since commit
🟥 Commands ► workspace foreach ► --since runs only on changed workspaces
🟥 Commands ► workspace foreach ► can run on public workspaces only
🟥 Commands ► workspace foreach ► it should run on workspaces with matching binaries
🟥 Commands ► workspace foreach ► should execute 'node' command
🟥 Commands ► workspace foreach ► should handle global scripts getting downgraded to a normal script
🟥 Commands ► workspace foreach ► should include dependencies if using --recursive
🟥 Commands ► workspace foreach ► should include dependencies of workspaces matching the from filter if using --from and --recursive
🟥 Commands ► workspace foreach ► should never run the scripts on workspaces that match the --exclude list
🟥 Commands ► workspace foreach ► should not fall into endless loop if foreach cmd is the same as lifecycle script name
🟥 Commands ► workspace foreach ► should not include the prefix or a ➤ character when run with --no-verbose
🟥 Commands ► workspace foreach ► should only run the scripts on workspaces that match the --include list
🟥 Commands ► workspace foreach ► should only run the scripts on workspaces that match the --include path list with globs
🟥 Commands ► workspace foreach ► should prefix the output and include timing information when run with -vv (two verbose levels)
🟥 Commands ► workspace foreach ► should prefix the output when run with one --verbose
🟥 Commands ► workspace foreach ► should return correct exit code when encountered errors in running scripts
🟥 Commands ► workspace foreach ► should run execute global scripts even on workspaces that don't declare them
🟥 Commands ► workspace foreach ► should run on current and descendant workspaces when --worktree is set
🟥 Commands ► workspace foreach ► should run scripts in parallel and interlace the output when run with --parallel --interlaced
🟥 Commands ► workspace foreach ► should run scripts in parallel but following the topological order when run with --parallel --topological
🟥 Commands ► workspace foreach ► should run set INIT_CWD to each individual workspace cwd even with global scripts
🟥 Commands ► workspace foreach ► should start all the processes at once when --jobs is unlimited
🟥 Commands ► workspace foreach ► should support self referencing workspaces field
🟥 Commands ► workspace foreach ► should throw an error when using --jobs with a value lower than 1

[0 / 10] packages/acceptance-tests/pkg-tests-specs/sources/commands/workspaces/list.test.js

🟥 Commands ► workspace list -v,--verbose --json ► --no-private excludes private workspaces
🟥 Commands ► workspace list -v,--verbose --json ► --since --recursive returns workspaces changed and their dependents
🟥 Commands ► workspace list -v,--verbose --json ► --since returns no workspaces if there are no staged or unstaged changes on the default branch
🟥 Commands ► workspace list -v,--verbose --json ► --since returns no workspaces if there have been no changes
🟥 Commands ► workspace list -v,--verbose --json ► --since returns only changed workspaces
🟥 Commands ► workspace list -v,--verbose --json ► --since returns workspaces changed since branching from the default branch
🟥 Commands ► workspace list -v,--verbose --json ► --since returns workspaces changed since commit
🟥 Commands ► workspace list -v,--verbose --json ► no workspace dependency between a and b
🟥 Commands ► workspace list -v,--verbose --json ► workspace-a requires mismatched version of workspace-b
🟥 Commands ► workspace list -v,--verbose --json ► workspace-a requires workspace-b, workspace-b requires workspace-a

[7 / 14] packages/acceptance-tests/pkg-tests-specs/sources/dragon.test.js

🟩 Dragon tests ► it should pass the dragon test 1
🟥 Dragon tests ► it should pass the dragon test 10
🟥 Dragon tests ► it should pass the dragon test 11 with "nodeLinker: pnp"
🟥 Dragon tests ► it should pass the dragon test 11 with "nodeLinker: pnpm"
🟥 Dragon tests ► it should pass the dragon test 12
🟥 Dragon tests ► it should pass the dragon test 13
🟩 Dragon tests ► it should pass the dragon test 2
🟩 Dragon tests ► it should pass the dragon test 3
🟩 Dragon tests ► it should pass the dragon test 4
🟩 Dragon tests ► it should pass the dragon test 5
🟩 Dragon tests ► it should pass the dragon test 6
🟥 Dragon tests ► it should pass the dragon test 7
🟩 Dragon tests ► it should pass the dragon test 8
🟥 Dragon tests ► it should pass the dragon test 9

[25 / 29] packages/acceptance-tests/pkg-tests-specs/sources/exports.test.ts

🟩 "exports" field ► "main" field and dot object array fallback "exports" field
🟩 "exports" field ► "main" field and dot object conditional "exports" field
🟩 "exports" field ► "main" field and dot object conditional "exports" field with nested conditions
🟥 "exports" field ► "main" field and object subpath patterns "exports" field
🟩 "exports" field ► "main" field and string "exports" field
🟩 "exports" field ► "main" field and top-level array fallback "exports" field
🟩 "exports" field ► "main" field and top-level object conditional "exports" field
🟥 "exports" field ► "main" field object subpath "exports" field
🟩 "exports" field ► dot object array fallback "exports" field
🟩 "exports" field ► dot object conditional "exports" field
🟩 "exports" field ► dot object conditional "exports" field with nested conditions
🟩 "exports" field ► dot-slash "main" field
🟩 "exports" field ► dotless "main" field
🟩 "exports" field ► dotted "main" field
🟩 "exports" field ► implicit "main" field
🟩 "exports" field ► link: with exports (inside the project)
🟩 "exports" field ► link: with exports (outside the project)
🟩 "exports" field ► main field and only import top-level object conditional "exports" field
🟩 "exports" field ► manifest not exported
🟥 "exports" field ► object subpath "exports" field
🟥 "exports" field ► object subpath patterns "exports" field
🟩 "exports" field ► only import top-level object conditional "exports" field
🟩 "exports" field ► pnpapi with exports
🟩 "exports" field ► pnpIgnorePatterns with exports (issuer ignored)
🟩 "exports" field ► pnpIgnorePatterns with exports (subpath ignored)
🟩 "exports" field ► self-referencing with exports
🟩 "exports" field ► string "exports" field
🟩 "exports" field ► top-level array fallback "exports" field
🟩 "exports" field ► top-level object conditional "exports" field

[0 / 2] packages/acceptance-tests/pkg-tests-specs/sources/features/autoClean.test.js

🟥 autoClean ► it should remove inactive entries from the cache
🟥 autoClean ► it shouldn't remove active entries from the cache

[5 / 19] packages/acceptance-tests/pkg-tests-specs/sources/features/cache.test.ts

🟥 Cache ► it should detect when the files checksum is incorrect
🟥 Cache ► it should enforce checksum validation when their cache key is a different version but still above the threshold, if cacheMigrationMode=match-spec
🟥 Cache ► it should enforce checksum validation when their cache key is a different version but still above the threshold, if cacheMigrationMode=required-only
🟥 Cache ► it should ignore changes in the cache compression, if cacheMigrationMode=required-only
🟥 Cache ► it should ignore checksum mismatches and regenerate archives when their cache key is different from Yarn's own cache key, if cacheMigrationMode=always
🟥 Cache ► it should ignore checksum mismatches and regenerate archives when their cache key is different from Yarn's own cache key, if cacheMigrationMode=always (global cache, hot)
🟥 Cache ► it should ignore checksum mismatches and regenerate archives when their cache key is past the threshold, if cacheMigrationMode=required-only
🟥 Cache ► it should ignore daylight saving time (DST)
🟥 Cache ► it should ignore timezones
🟩 Cache ► it should make packages installable even without network (global cache, with lockfile)
🟩 Cache ► it should make packages installable even without network (global cache, without lockfile)
🟩 Cache ► it should make packages installable even without network (local cache, with lockfile)
🟩 Cache ► it should make packages installable even without network (local cache, without lockfile)
🟩 Cache ► it should not confuse the cache key when merging an upgraded cache key branch into a feature branch
🟥 Cache ► it should refetch archive when YARN_CHECKSUM_BEHAVIOR=reset and the files checksum is incorrect
🟥 Cache ► it should update the cache files when changing the compression level, if cacheMigrationMode=match-spec
🟥 Cache ► it shouldn't regenerate older archives when their cache key is a different version but still above the threshold, if cacheMigrationMode=match-spec
🟥 Cache ► it shouldn't regenerate older archives when their cache key is a different version but still above the threshold, if cacheMigrationMode=required-only
🟥 Cache ► sanity check: packages shouldn't be installable without network

[0 / 7] packages/acceptance-tests/pkg-tests-specs/sources/features/checkResolutions.test.ts

🟥 Features ► should allow resolving "no-deps@npm:^1.0.0" with "no-deps@npm:1.0.0"
🟥 Features ► should allow resolving "no-deps@npm:no-deps-bins@^1.0.0" with "no-deps-bins@npm:1.0.0"
🟥 Features ► should allow resolving "util-deprecate@https://github.com/yarnpkg/util-deprecate.git#commit=4bcc600d20e3a53ea27fa52c4d1fc49cc2d0eabb" with "util-deprecate@https://github.com/yarnpkg/util-deprecate.git#commit=4bcc600d20e3a53ea27fa52c4d1fc49cc2d0eabb"
🟥 Features ► should prevent resolving "no-deps@npm:^1.0.0" with "no-deps-bins@npm:1.0.0"
🟥 Features ► should prevent resolving "no-deps@npm:^1.0.0" with "no-deps@npm:2.0.0"
🟥 Features ► should prevent resolving "util-deprecate@https://github.com/yarnpkg/util-deprecate.git#commit=4bcc600d20e3a53ea27fa52c4d1fc49cc2d0eabb" with "util-deprecate@https://github.com/yarnpkg/util-deprecate.git"
🟥 Features ► should prevent resolving "util-deprecate@https://github.com/yarnpkg/util-deprecate.git#commit=4bcc600d20e3a53ea27fa52c4d1fc49cc2d0eabb" with "util-deprecate@https://github.com/yarnpkg/util-deprecate.git#commit=475fb6857cd23fafff20c1be846c1350abf8e6d4"

[0 / 2] packages/acceptance-tests/pkg-tests-specs/sources/features/compressionLevel.test.ts

🟥 Features ► Compression Level ► compression level 0 cache size should be less than compression level 6 cache size
🟥 Features ► Compression Level ► compressionLevel: 6 should lead to a lower cache size than compressionLevel: 9

[0 / 5] packages/acceptance-tests/pkg-tests-specs/sources/features/configuration.test.ts

🟥 Features ► Configuration ► it should allow extending values from the home configuration if explicitly requested
🟥 Features ► Configuration ► it should let the env configuration override the project configuration
🟥 Features ► Configuration ► it should let the project configuration override the home configuration
🟥 Features ► Configuration ► it should return a helpful error if the rc file is wrong
🟥 Features ► Configuration ► it should skip the home configuration if onConflict: reset is set in the project configuration

[0 / 1] packages/acceptance-tests/pkg-tests-specs/sources/features/constraintsChecks.test.ts

🟥 Features ► Constraints Checks ► should detect constraints errors on install when enableConstraintsChecks is set to true

[0 / 5] packages/acceptance-tests/pkg-tests-specs/sources/features/contentAddressedIndex.test.ts

🟥 Features ► Content-Addressed Index ► it should detect when an index file was modified, and automatically repair it
🟥 Features ► Content-Addressed Index ► it should preserve executable mode when installing
🟥 Features ► Content-Addressed Index ► it should repair the index across all projects, not only the current one
🟥 Features ► Content-Addressed Index ► it should use the exact same device/inode for the same file from different packages
🟥 Features ► Content-Addressed Index ► it should use the exact same device/inode for the same file from the same package

[2 / 9] packages/acceptance-tests/pkg-tests-specs/sources/features/dotEnvFiles.test.ts

🟥 DotEnv files ► should allow .env variables to be interpolated
🟥 DotEnv files ► should allow .env variables to be used in the next ones
🟥 DotEnv files ► should allow multiple environment files to be defined
🟥 DotEnv files ► should allow values from environment files to be reused in other configuration settings
🟥 DotEnv files ► should automatically inject a .env.yarn file in the environment
🟥 DotEnv files ► should let the last environment file override the first
🟥 DotEnv files ► should throw an error if the settings reference a non-existing file
🟩 DotEnv files ► shouldn't read the .env.yarn file if the injectEnvironmentFiles setting is defined
🟩 DotEnv files ► shouldn't throw an error if the settings reference a non-existing file with a ?-suffixed path

[1 / 3] packages/acceptance-tests/pkg-tests-specs/sources/features/editorSdks.test.js

🟥 Features ► Editor SDK ► it should allow non-PnP Node to access the binary under a PnP environment
🟩 Features ► Editor SDK ► it should patch message into VSCode typescript language extension for zip schemes
🟥 Features ► Editor SDK ► it shouldn't break under non-PnP installs

[0 / 3] packages/acceptance-tests/pkg-tests-specs/sources/features/enableNetwork.test.js

🟥 Features ► enableNetwork ► it should fail to make requests to a blocked hostname
🟥 Features ► enableNetwork ► it should prevent Yarn from accessing the network (yarn add)
🟥 Features ► enableNetwork ► it should work with git URLs

[0 / 2] packages/acceptance-tests/pkg-tests-specs/sources/features/enableOfflineMode.test.ts

🟥 Features ► enableNetwork ► it should fix the 'latest' tag to reference the highest version found in the cache
🟥 Features ► enableNetwork ► it should let Yarn reuse the package metadata from its cache

[1 / 7] packages/acceptance-tests/pkg-tests-specs/sources/features/immutablePatterns.test.ts

🟥 Features ► immutablePatterns ► should detect changes within folders
🟥 Features ► immutablePatterns ► should prevent reformatting of manifests when so configured
🟥 Features ► immutablePatterns ► shouldn't allow specific paths to be created when the immutable flag is used
🟥 Features ► immutablePatterns ► shouldn't allow specific paths to be updated when the immutable flag is used
🟥 Features ► immutablePatterns ► shouldn't fail when a folder didn't change
🟥 Features ► immutablePatterns ► shouldn't fail when running an install from a subdirectory
🟩 Features ► immutablePatterns ► shouldn't have an effect unless --immutable is set

[0 / 4] packages/acceptance-tests/pkg-tests-specs/sources/features/initFields.test.ts

🟥 Features ► initFields ► it should add array fields to the generated manifest
🟥 Features ► initFields ► it should add string fields to the generated manifest
🟥 Features ► initFields ► it should add the license field to the generated manifest
🟥 Features ► initFields ► it should add the version field to the generated manifest

[0 / 10] packages/acceptance-tests/pkg-tests-specs/sources/features/installArtifactCleanup.test.ts

🟥 Install Artifact Cleanup ► PnP linker ► Migration ► to the node-modules linker ► should remove the .pnp.cjs file after switching to the node-modules linker
🟥 Install Artifact Cleanup ► PnP linker ► Migration ► to the node-modules linker ► should remove the .pnp.data.json file after switching to the node-modules linker
🟥 Install Artifact Cleanup ► PnP linker ► Migration ► to the node-modules linker ► should remove the .pnp.loader.mjs file after switching to the node-modules linker
🟥 Install Artifact Cleanup ► PnP linker ► Migration ► to the node-modules linker ► should remove the .yarn/unplugged folder after switching to the node-modules linker
🟥 Install Artifact Cleanup ► PnP linker ► Migration ► to the node-modules linker ► should remove the PnP flags from NODE_OPTIONS in build scripts after switching to the node-modules linker
🟥 Install Artifact Cleanup ► PnP linker ► Migration ► to the pnpm linker ► should remove the .pnp.cjs file after switching to the pnpm linker
🟥 Install Artifact Cleanup ► PnP linker ► Migration ► to the pnpm linker ► should remove the .pnp.data.json file after switching to the pnpm linker
🟥 Install Artifact Cleanup ► PnP linker ► Migration ► to the pnpm linker ► should remove the .pnp.loader.mjs file after switching to the pnpm linker
🟥 Install Artifact Cleanup ► PnP linker ► Migration ► to the pnpm linker ► should remove the .yarn/unplugged folder after switching to the pnpm linker
🟥 Install Artifact Cleanup ► PnP linker ► Migration ► to the pnpm linker ► should remove the PnP flags from NODE_OPTIONS in build scripts after switching to the pnpm linker

[0 / 2] packages/acceptance-tests/pkg-tests-specs/sources/features/legacyPluginRemoval.test.ts

🟥 Features ► Legacy Plugin Removal ► it should remove the legacy plugins when running an install
🟥 Features ► Legacy Plugin Removal ► it shouldn't remove other plugins

[2 / 2] packages/acceptance-tests/pkg-tests-specs/sources/features/localMirror.test.js

🟩 Features ► Local Mirror ► it should store downloaded entries in the mirror
🟩 Features ► Local Mirror ► it shouldn't store cache entries in the mirror

[0 / 7] packages/acceptance-tests/pkg-tests-specs/sources/features/logFilter.test.ts

🟥 Features ► LogFilters ► it should allow to filter by message name
🟥 Features ► LogFilters ► it should allow to filter by message text
🟥 Features ► LogFilters ► it should allow to filter by message text with colors enabled
🟥 Features ► LogFilters ► it should allow to filter by pattern
🟥 Features ► LogFilters ► it should match any part of the log entry using patterns
🟥 Features ► LogFilters ► it should not print the peer dependencies footer if the section contents are discarded via logFilters
🟥 Features ► LogFilters ► it should not print the project validation timer header and footer if its contents are discarded via logFilters

[0 / 5] packages/acceptance-tests/pkg-tests-specs/sources/features/mergeConflictResolution.test.ts

🟥 Features ► Merge Conflict Resolution ► it should properly fix merge conflicts
🟥 Features ► Merge Conflict Resolution ► it should properly fix merge conflicts when old is Yarn 1 and new is Yarn 2
🟥 Features ► Merge Conflict Resolution ► it should support fixing cherry-pick conflicts
🟥 Features ► Merge Conflict Resolution ► it should support fixing rebase conflicts
🟥 Features ► Merge Conflict Resolution ► it shouldn't re-fetch the lockfile metadata when performing simple merge conflict resolutions

[1 / 2] packages/acceptance-tests/pkg-tests-specs/sources/features/mirror.test.js

🟩 Mirror ► enableMirror ► it should cache the file after the first download
🟥 Mirror ► enableMirror ► it should download the packages everytime when disabled

[1 / 6] packages/acceptance-tests/pkg-tests-specs/sources/features/packageExtensions.test.ts

🟥 Features ► Package Extensions ► it should allow to add peer dependencies to a package
🟥 Features ► Package Extensions ► it should allow to add regular dependencies to a package
🟩 Features ► Package Extensions ► it should store the original packages to the lockfile
🟥 Features ► Package Extensions ► it should warn on unneeded package extensions (dependencies)
🟥 Features ► Package Extensions ► it should warn on unneeded package extensions (peerDependenciesMeta)
🟥 Features ► Package Extensions ► it should warn on unused package extensions

[1 / 7] packages/acceptance-tests/pkg-tests-specs/sources/features/peerDependenciesMeta.test.ts

🟥 Features ► peerDependenciesMeta ► it should automatically add corresponding '@types' optional peer dependencies
🟥 Features ► peerDependenciesMeta ► it should be able to access an implicit peer dependency
🟩 Features ► peerDependenciesMeta ► it should not report a warning when omitting an optional peer dependency
🟥 Features ► peerDependenciesMeta ► it should report a warning when omitting a peer dependencies
🟥 Features ► peerDependenciesMeta ► it should report collapsed a peer dependency warning when a direct peerDependency request is mismatched
🟥 Features ► peerDependenciesMeta ► it should report collapsed a peer dependency warning when a set of mismatched peerDependency requirements is detected
🟥 Features ► peerDependenciesMeta ► it should report collapsed a peer dependency warning with corresponding root when a transitive peerDependency request is mismatched

[2 / 7] packages/acceptance-tests/pkg-tests-specs/sources/features/plugins.test.ts

🟥 Features ► Plugins ► it should accept asynchronous plugins
🟩 Features ► Plugins ► it should be able to define the configuration parameters of official plugins
🟩 Features ► Plugins ► it should be able to define the configuration parameters of third-party plugins
🟥 Features ► Plugins ► it should fetch missing plugins
🟥 Features ► Plugins ► it should properly load a plugin via the local rc file
🟥 Features ► Plugins ► it should properly load multiple plugins via the local rc file, in the right order
🟥 Features ► Plugins ► it should throw an error when fetching the plugin but the checksum does not match

[4 / 7] packages/acceptance-tests/pkg-tests-specs/sources/features/pnpLoose.test.ts

🟥 Features ► PnP Loose ► it should allow resolutions to top-level hoisting candidates
🟥 Features ► PnP Loose ► it should allow resolutions to top-level hoisting candidates (even if it's an unmet peer dependency)
🟥 Features ► PnP Loose ► it should allow resolutions to top-level hoisting candidates (even if they have peer dependencies)
🟩 Features ► PnP Loose ► it should install a root workspace without any dependencies (named)
🟩 Features ► PnP Loose ► it should install a root workspace without any dependencies (unnamed)
🟩 Features ► PnP Loose ► it should log an exception if a dependency tries to require something it doesn't own but that can be accessed through hoisting
🟩 Features ► PnP Loose ► it should throw an exception if a dependency tries to require something it doesn't own that isn't hoisted

[1 / 3] packages/acceptance-tests/pkg-tests-specs/sources/features/pnpm.test.ts

🟥 Features ► Pnpm Mode  ► 'winLinkType: junctions' not-on Windows should use symlinks in node_modules directories
🟥 Features ► Pnpm Mode  ► 'winLinkType: symlinks' not-on Windows should use symlinks in node_modules directories
🟩 Features ► Pnpm Mode  ► it shouldn't crash if we recursively traverse a node_modules

[0 / 3] packages/acceptance-tests/pkg-tests-specs/sources/features/projectDetection.test.js

🟥 Features ► Project detection ► it should detect the project in the current directory
🟥 Features ► Project detection ► it should move upward until it finds the project
🟥 Features ► Project detection ► it shouldn't cross past lockfiles

[2 / 9] packages/acceptance-tests/pkg-tests-specs/sources/features/prunedNativeDeps.test.ts

🟥 Features ► Pruned native deps ► should also validate other architectures than the current one if necessary when using --check-cache
🟥 Features ► Pruned native deps ► should detect packages being tampered when using --check-cache
🟥 Features ► Pruned native deps ► should only fetch other architectures when using --check-cache if they are already in the cache
🟥 Features ► Pruned native deps ► should overfetch if requested to do so
🟩 Features ► Pruned native deps ► should produce a stable lockfile, regardless of the architecture
🟩 Features ► Pruned native deps ► should produce a stable PnP hook, regardless of the architecture
🟥 Features ► Pruned native deps ► should resolve all dependencies, regardless of the system
🟥 Features ► Pruned native deps ► shouldn't break when using --check-cache with native packages
🟥 Features ► Pruned native deps ► shouldn't fetch packages that it won't need

[1 / 3] packages/acceptance-tests/pkg-tests-specs/sources/features/rcFiles.test.js

🟩 Features ► Rc files ► it should always load home config in loose mode
🟥 Features ► Rc files ► it should change the configuration when found in the current directory
🟥 Features ► Rc files ► it should support changing the rc filename via the environment

[2 / 2] packages/acceptance-tests/pkg-tests-specs/sources/features/resolutionCache.test.ts

🟩 Features ► Resolution cache ► it should properly separate the disk metadata cache from the network metadata cache
🟩 Features ► Resolution cache ► it should use a cache metadata when resolving fixed versions

[0 / 8] packages/acceptance-tests/pkg-tests-specs/sources/features/resolutions.test.js

🟥 Features ► Resolutions ► it should detect that a resolution entry got removed
🟥 Features ► Resolutions ► it should error when legacy glob syntax is used
🟥 Features ► Resolutions ► it should support overriding a packages with another
🟥 Features ► Resolutions ► it should support overriding a packages with another, but only if it originally resolved to a specific reference
🟥 Features ► Resolutions ► it should support overriding a packages with another, but only if it's the dependency of a specific other package
🟥 Features ► Resolutions ► it should support overriding packages with directories
🟥 Features ► Resolutions ► it should support overriding packages with portals
🟥 Features ► Resolutions ► it should support overriding packages with tarballs

[0 / 1] packages/acceptance-tests/pkg-tests-specs/sources/features/unsafeHttpWhitelist.test.js

🟥 Features ► unsafeHttpWhitelist ► it should prevent Yarn from using http by default

[0 / 1] packages/acceptance-tests/pkg-tests-specs/sources/features/v1Migration.test.ts

🟥 Features ► V1 Migration ► it should enable the node-modules linker when migrating from v1

[0 / 7] packages/acceptance-tests/pkg-tests-specs/sources/https.test.js

🟥 Https tests ► it should allow bypassing ssl certificate errors
🟥 Https tests ► it should fail to install if certificate doesn't match hostname
🟥 Https tests ► it should fail to install if server uses non trusted certificate
🟥 Https tests ► it should install when providing valid CA certificate on hostname
🟥 Https tests ► it should install when providing valid CA certificate on wildcard
🟥 Https tests ► it should install when providing valid CA certificate via root httpsCaFilePath
🟥 Https tests ► it should throw error if CA cert file does not exist

[0 / 4] packages/acceptance-tests/pkg-tests-specs/sources/legacy.test.ts

🟥 Legacy tests ► it should import lock entries from v1 lockfiles (resolves to 1.0.0)
🟥 Legacy tests ► it should import lock entries from v1 lockfiles (resolves to 2.0.0)
🟥 Legacy tests ► it should import lock entries from v1 lockfiles preserving the alias
🟥 Legacy tests ► it should import unconventional tarball entries

[1 / 2] packages/acceptance-tests/pkg-tests-specs/sources/lock.test.ts

🟩 Lock tests ► it should correctly lock dependencies
🟥 Lock tests ► it shouldn't loose track of the resolutions when upgrading the lockfile version

[12 / 58] packages/acceptance-tests/pkg-tests-specs/sources/node-modules.test.ts

🟥 Node_Modules ► 'winLinkType: junctions' not-on Windows should use symlinks in node_modules directories
🟥 Node_Modules ► 'winLinkType: symlinks' not-on Windows should use symlinks in node_modules directories
🟥 Node_Modules ► should allow running binaries unrelated to incompatible package
🟥 Node_Modules ► should create circular symlinks when inner workspace depends on outer workspace
🟥 Node_Modules ► should create symlink if workspace is a dependency AND it has hoist borders at the same time
🟥 Node_Modules ► should error out if two same-parent portals have conflict between their direct dependencies
🟥 Node_Modules ► should error out on external portal requiring a dependency that conflicts with parent package
🟥 Node_Modules ► should fallback to dependencies if the parent doesn't provide the peer dependency
🟩 Node_Modules ► should give a priority to direct portal dependencies over indirect regular dependencies
🟥 Node_Modules ► should give priority to direct workspace dependencies over indirect regular dependencies
🟩 Node_Modules ► should handle the edge case when node_modules is a file
🟥 Node_Modules ► should honor transparently nmMode: hardlinks during subsequent installs
🟥 Node_Modules ► should inherit workspace peer dependencies from upper-level workspaces
🟥 Node_Modules ► should install dependencies from portals without modifying portal directory
🟥 Node_Modules ► should install dependencies in scoped workspaces
🟥 Node_Modules ► should install one dependency
🟥 Node_Modules ► should install project when portal is pointing to a workspace
🟩 Node_Modules ► should install project when portal is used from the child workspace and have conflicts with root workspace dependencies
🟩 Node_Modules ► should not create circular self-reference symlinks
🟩 Node_Modules ► should not create duplicate copies of aliased packages
🟥 Node_Modules ► should not create self-reference symlinks for workspaces excluded from focus
🟥 Node_Modules ► should not create self-referencing symlinks for anonymous workspaces
🟩 Node_Modules ► should not error out if one of two same-parent portals has unresolved peer dependency, while the other has resolved dependency with the same name
🟩 Node_Modules ► should not error out on internal portal requiring a dependency that conflicts with parent package
🟥 Node_Modules ► should not fail if target bin link does not exist
🟥 Node_Modules ► should not hoist a single package past workspace hoist border
🟥 Node_Modules ► should not hoist dependencies in nested workspaces when using nmHoistingLimits
🟥 Node_Modules ► should not hoist multiple packages past workspace hoist border
🟩 Node_Modules ► should not hoist package peer dependent on parent if conflict exists
🟥 Node_Modules ► should not produce orphaned symlinks on dependency removal having bin entries
🟥 Node_Modules ► should not recreate folders when package is updated
🟥 Node_Modules ► should not treat link: dependencies as an inner workspaces
🟩 Node_Modules ► should not warn when depending on workspaces with postinstall
🟥 Node_Modules ► should only reinstall scoped dependencies deleted by the user on the next install
🟥 Node_Modules ► should prefer bin executables from the calling workspace
🟥 Node_Modules ► should properly hoist nested workspaces
🟥 Node_Modules ► should recover from changes to the store on next install in nmMode: hardlinks-global
🟥 Node_Modules ► should recover from changes to the store on next install in nmMode: hardlinks-global, when system clock is changed by the user
🟥 Node_Modules ► should reinstall and rebuild dependencies deleted by the user on the next install
🟥 Node_Modules ► should respect peerDependencies with defaults in workspaces
🟥 Node_Modules ► should respect self references settings
🟥 Node_Modules ► should respect transitive peer dependencies
🟩 Node_Modules ► should return real cwd for scripts inside workspaces
🟥 Node_Modules ► should setup the right symlinks
🟥 Node_Modules ► should skip linking incompatible package
🟥 Node_Modules ► should still hoist direct dependencies from portal target to parent with nmHoistingLimits: dependencies
🟩 Node_Modules ► should support 'yarn run' from within build scripts
🟥 Node_Modules ► should support aliases
🟥 Node_Modules ► should support dependencies hoist border
🟥 Node_Modules ► should support dependency via link: protocol to a missing folder
🟥 Node_Modules ► should support portals to external workspaces
🟥 Node_Modules ► should support replacement of regular dependency with portal: protocol dependency
🟥 Node_Modules ► should support supportedArchitectures
🟥 Node_Modules ► should survive interrupted install
🟩 Node_Modules ► should tolerate if node_modules is a symlink to other directory
🟥 Node_Modules ► should warn about 'nohoist' usage and retain nohoist field in the manifest
🟥 Node_Modules ► should wire via hardlinks files having the same content when in nmMode: hardlinks-global
🟥 Node_Modules ► workspace packages shouldn't be hoisted if they conflict with root dependencies

[6 / 40] packages/acceptance-tests/pkg-tests-specs/sources/plugins/plugin-typescript.test.ts

🟥 Plugins ► typescript ► Adding types ► it should add @types with the range '^<original-major>' by default
🟥 Plugins ► typescript ► Adding types ► it should add @types with the range '^<original-major>' if the ranges of the original descriptor match, but the @types aren't installed
🟥 Plugins ► typescript ► Adding types ► it should automatically add @types for scoped packages
🟥 Plugins ► typescript ► Adding types ► it should automatically add @types to devDependencies when package doesn't provide types
🟥 Plugins ► typescript ► Adding types ► it should automatically enable automatic @types insertion in the current workspace when tsEnableAutoTypes is set to true
🟥 Plugins ► typescript ► Adding types ► it should automatically enable automatic @types insertion when a tsconfig is detected at the root of the project
🟥 Plugins ► typescript ► Adding types ► it should automatically enable automatic @types insertion when a tsconfig is detected in the current workspace
🟥 Plugins ► typescript ► Adding types ► it should automatically enable automatic @types insertion when a tsconfig is detected in the root project of the current workspace
🟥 Plugins ► typescript ► Adding types ► it should not add @types for transient dependencies
🟥 Plugins ► typescript ► Adding types ► it should not add @types when package provides its own types
🟥 Plugins ► typescript ► Adding types ► it should not automatically enable automatic @types insertion when a tsconfig is present in a sibling workspace
🟥 Plugins ► typescript ► Adding types ► it should not generate a @types dependency if @types package doesn't exist
🟥 Plugins ► typescript ► Adding types ► it should reuse ranges when adding @types if the ranges of the original descriptor match (basic)
🟥 Plugins ► typescript ► Adding types ► it should reuse ranges when adding @types if the ranges of the original descriptor match (nested workspaces)
🟥 Plugins ► typescript ► Adding types ► it should reuse the range from the first workspace (sorted alphabetically) when adding @types if the ranges of the original descriptor match
🟥 Plugins ► typescript ► Adding types ► it shouldn't be enabled by default
🟥 Plugins ► typescript ► Adding types ► it shouldn't reuse ranges when adding @types if the ranges of the original descriptor don't match
🟥 Plugins ► typescript ► publishConfig ► it should override types and typings in the packed manifest
🟥 Plugins ► typescript ► Removing types ► it should automatically remove @types dependencies from the current workspace when a tsconfig is detected in the root project of the current workspace
🟥 Plugins ► typescript ► Removing types ► it should automatically remove @types dependencies from the current workspace with tsconfig.json present
🟥 Plugins ► typescript ► Removing types ► it should automatically remove @types dependencies from the current workspace with tsEnableAutoTypes set to true
🟥 Plugins ► typescript ► Removing types ► it should automatically remove @types devDependencies from the current workspace when a tsconfig is detected in the root project of the current workspace
🟥 Plugins ► typescript ► Removing types ► it should automatically remove @types devDependencies from the current workspace with tsconfig.json present
🟥 Plugins ► typescript ► Removing types ► it should automatically remove @types devDependencies from the current workspace with tsEnableAutoTypes set to true
🟥 Plugins ► typescript ► Removing types ► it should automatically remove @types for scoped packages
🟥 Plugins ► typescript ► Removing types ► it should automatically remove @types from dependencies with tsconfig.json present
🟥 Plugins ► typescript ► Removing types ► it should automatically remove @types from dependencies with tsEnableAutoTypes set to true
🟥 Plugins ► typescript ► Removing types ► it should automatically remove @types from devDependencies with tsconfig.json present
🟥 Plugins ► typescript ► Removing types ► it should automatically remove @types from devDependencies with tsEnableAutoTypes set to true
🟥 Plugins ► typescript ► Removing types ► it should automatically remove @types from peerDependencies with tsconfig.json present
🟥 Plugins ► typescript ► Removing types ► it should automatically remove @types from peerDependencies with tsEnableAutoTypes set to true
🟥 Plugins ► typescript ► Removing types ► it should automatically remove @types peerDependencies from the current workspace when a tsconfig is detected in the root project of the current workspace
🟥 Plugins ► typescript ► Removing types ► it should automatically remove @types peerDependencies from the current workspace with tsconfig.json present
🟥 Plugins ► typescript ► Removing types ► it should automatically remove @types peerDependencies from the current workspace with tsEnableAutoTypes set to true
🟩 Plugins ► typescript ► Removing types ► it should not automatically remove @types dependencies from the current workspace without tsconfig.json present or tsEnableAutoTypes
🟩 Plugins ► typescript ► Removing types ► it should not automatically remove @types devDependencies from the current workspace without tsconfig.json present or tsEnableAutoTypes
🟩 Plugins ► typescript ► Removing types ► it should not automatically remove @types from dependencies without tsconfig or tsEnableAutoTypes
🟩 Plugins ► typescript ► Removing types ► it should not automatically remove @types from devDependencies without tsconfig or tsEnableAutoTypes
🟩 Plugins ► typescript ► Removing types ► it should not automatically remove @types from peerDependencies without tsconfig or tsEnableAutoTypes
🟩 Plugins ► typescript ► Removing types ► it should not automatically remove @types peerDependencies from the current workspace without tsconfig.json present or tsEnableAutoTypes

[36 / 41] packages/acceptance-tests/pkg-tests-specs/sources/pnp-esm.test.ts

🟩 Plug'n'Play - ESM ► it should allow absolute imports with search params
🟩 Plug'n'Play - ESM ► it should allow extensionless commonjs imports
🟩 Plug'n'Play - ESM ► it should allow extensionless files with {"type": "module"}
🟩 Plug'n'Play - ESM ► it should allow relative imports with search params
🟩 Plug'n'Play - ESM ► it should be able to import a dependency
🟩 Plug'n'Play - ESM ► it should be able to import a node builtin
🟩 Plug'n'Play - ESM ► it should be able to import a node builtin through the node: protocol
🟩 Plug'n'Play - ESM ► it should be able to import the PnP API
🟥 Plug'n'Play - ESM ► it should enter ESM mode when target is ESM but the cwd doesn't have a pnpapi
🟩 Plug'n'Play - ESM ► it should load commonjs with an unknown extension
🟩 Plug'n'Play - ESM ► it should load extensionless commonjs files as an entrypoint
🟩 Plug'n'Play - ESM ► it should load symlinked extensionless commonjs files as an entrypoint
🟥 Plug'n'Play - ESM ► it should not allow unknown extensions with {type: "module"}
🟥 Plug'n'Play - ESM ► it should not resolve extensions
🟥 Plug'n'Play - ESM ► it should not resolve JSON modules without an import assertion/attribute
🟩 Plug'n'Play - ESM ► it should preserve search params in the resolve result (cache busting)
🟩 Plug'n'Play - ESM ► it should resolve JSON modules with an import assertion/attribute
🟩 Plug'n'Play - ESM ► it should respect exports
🟩 Plug'n'Play - ESM ► it should set the main module
🟩 Plug'n'Play - ESM ► it should support dynamic imports in commonjs mode
🟩 Plug'n'Play - ESM ► it should support dynamic imports in ESM mode
🟩 Plug'n'Play - ESM ► it should support ESM binaries
🟩 Plug'n'Play - ESM ► it should support named exports in commonjs files
🟩 Plug'n'Play - ESM ► it should support relative imports
🟩 Plug'n'Play - ESM ► it should suppress the experimental ESM loader warning
🟩 Plug'n'Play - ESM ► it should throw ERR_MODULE_NOT_FOUND when dynamically importing a nonexistent file
🟩 Plug'n'Play - ESM ► it should throw ERR_MODULE_NOT_FOUND when statically importing a nonexistent file
🟩 Plug'n'Play - ESM ► it should throw ERR_PACKAGE_PATH_NOT_EXPORTED when subpath isn't exported
🟩 Plug'n'Play - ESM ► it should throw ERR_REQUIRE_ESM when requiring a .mjs file
🟩 Plug'n'Play - ESM ► it should throw ERR_REQUIRE_ESM when requiring a file with type=module
🟩 Plug'n'Play - ESM ► it should use legacy resolve when exports is missing
🟩 Plug'n'Play - ESM ► private import mappings ► it should allow importing files regardless of parent URL
🟥 Plug'n'Play - ESM ► private import mappings ► it should not allow mapping to another private mapping
🟩 Plug'n'Play - ESM ► private import mappings ► it should support conditions
🟩 Plug'n'Play - ESM ► private import mappings ► it should support mapping to a dependency
🟩 Plug'n'Play - ESM ► private import mappings ► it should support private import mappings
🟩 Plug'n'Play - ESM ► private import mappings ► it should support wildcards
🟩 Plug'n'Play - ESM ► private import mappings ► it should use legacy resolve when mapping to a dependency without an exports field
🟩 Plug'n'Play - ESM ► private import mappings ► it should use the closest manifest
🟩 Plug'n'Play - ESM ► should support loaders importing named exports from commonjs files
🟩 Plug'n'Play - ESM ► should use the commonjs resolver in commonjs files imported from ESM

[85 / 94] packages/acceptance-tests/pkg-tests-specs/sources/pnp.test.js

🟩 Plug'n'Play ► it should allow external modules to require internal ones
🟩 Plug'n'Play ► it should allow ignored paths to require files within the dependency tree
🟩 Plug'n'Play ► it should allow other PnP projects to require files from this one
🟩 Plug'n'Play ► it should allow other PnP projects to spawn inline scripts in this one
🟥 Plug'n'Play ► it should allow packages to define whether they should be unplugged (false)
🟩 Plug'n'Play ► it should allow packages to define whether they should be unplugged (true)
🟩 Plug'n'Play ► it should allow packages to require themselves
🟩 Plug'n'Play ► it should allow picking the unplugged packages by locator
🟩 Plug'n'Play ► it should allow scripts outside of the dependency tree to require files within the dependency tree
🟩 Plug'n'Play ► it should allow unplugging a deep package from a pnp installation
🟩 Plug'n'Play ► it should allow unplugging a simple package from a pnp installation
🟩 Plug'n'Play ► it should allow unplugging multiple identically named packages from a pnp installation
🟩 Plug'n'Play ► it should automatically unplug packages with postinstall scripts
🟩 Plug'n'Play ► it should be able to require files from a different dependency tree
🟩 Plug'n'Play ► it should be able to resolve a dependency using a module instance without an id
🟩 Plug'n'Play ► it should be able to resolve an absolute file from a module in an ignored folder
🟩 Plug'n'Play ► it should be able to resolve relative preloads
🟩 Plug'n'Play ► it should correctly resolve an absolute path even when the issuer doesn't exist
🟩 Plug'n'Play ► it should emit a warning for circular dependency exports access
🟩 Plug'n'Play ► it should export the PnP API through the 'pnpapi' name
🟩 Plug'n'Play ► it should expose 'findPnpApi' in the 'module' builtin
🟩 Plug'n'Play ► it should expose the PnP version through 'process.versions.pnp'
🟩 Plug'n'Play ► it should fallback to the top-level dependencies when it cannot require a transitive dependency require
🟩 Plug'n'Play ► it should fallback workspaces to the top-level dependencies when they require an undeclared package and the fallback mode is 'all'
🟩 Plug'n'Play ► it should generate a file that can be used as an executable to resolve a request (builtin request)
🟩 Plug'n'Play ► it should generate a file that can be used as an executable to resolve a request (invalid request)
🟩 Plug'n'Play ► it should generate a file that can be used as an executable to resolve a request (valid request)
🟩 Plug'n'Play ► it should generate a file with a custom shebang if configured as such
🟩 Plug'n'Play ► it should generate the same hooks for two projects with the same configuration
🟩 Plug'n'Play ► it should implicitly allow @types accesses if there are matching peer dependencies
🟥 Plug'n'Play ► it should initialize a symlinked pnpapi module only once when working inside a sandbox environment full of symlinks
🟩 Plug'n'Play ► it should install in such a way that two identical packages with different peer dependencies are different instances
🟩 Plug'n'Play ► it should install in such a way that two identical packages with the same peer dependencies are the same instances (complex)
🟩 Plug'n'Play ► it should install in such a way that two identical packages with the same peer dependencies are the same instances (simple)
🟩 Plug'n'Play ► it should install packages with peer dependencies within a node_modules directory (even if within the .pnp folder)
🟩 Plug'n'Play ► it should install the packages within a node_modules directory (even if within the cache)
🟩 Plug'n'Play ► it should load modules that haven't been loaded
🟩 Plug'n'Play ► it should make it possible to copy the pnp file and cache from one place to another
🟩 Plug'n'Play ► it should mention which ancestor broke the peer dependency chain
🟩 Plug'n'Play ► it should not automatically unplug all packages
🟩 Plug'n'Play ► it should not be enabled for paths matching the specified regex
🟩 Plug'n'Play ► it should not break relative requires for files matching pnpIgnorePatterns
🟩 Plug'n'Play ► it should not break spawning new Node processes ('node' command)
🟩 Plug'n'Play ► it should not break spawning new Node processes ('run' command)
🟩 Plug'n'Play ► it should not break the tree path when loading through the result of require.resolve(...)
🟩 Plug'n'Play ► it should not cache the postinstall artifacts
🟩 Plug'n'Play ► it should not fallback workspaces by default to the top-level dependencies when they require an undeclared package
🟩 Plug'n'Play ► it should not loose the pnpapi on portals with virtual paths
🟩 Plug'n'Play ► it should not override an already unplugged package
🟩 Plug'n'Play ► it should NOT remove lingering node_modules inside folders matched by pnpIgnorePatterns
🟩 Plug'n'Play ► it should not touch the .pnp.cjs file when it already exists and is up-to-date
🟩 Plug'n'Play ► it should not use the wrong pnpapi for a path owned by another pnpapi
🟩 Plug'n'Play ► it should not warn when the peer dependency resolution is compatible
🟩 Plug'n'Play ► it should output the "reloading the API instance" warning using process.emitWarning
🟩 Plug'n'Play ► it should pick the most specific locator
🟦 Plug'n'Play ► it should properly forward the NODE_OPTIONS environment variable
🟩 Plug'n'Play ► it should properly unplug a package with peer dependencies
🟩 Plug'n'Play ► it should remove lingering folders from the node_modules even when they contain dot-folders
🟩 Plug'n'Play ► it should remove the lingering node_modules folders
🟩 Plug'n'Play ► it should resolve two identical packages with the same object (complex)
🟩 Plug'n'Play ► it should resolve two identical packages with the same object (easy)
🟩 Plug'n'Play ► it should resolve virtual paths passed to process.dlopen
🟩 Plug'n'Play ► it should respect pnpIgnorePatterns when using findPnpApi
🟩 Plug'n'Play ► it should respect user provided conditions
🟩 Plug'n'Play ► it should return the path to the PnP file when calling require.resolve('pnpapi')
🟩 Plug'n'Play ► it should run scripts using a Node version that auto-injects the hook
🟥 Plug'n'Play ► it should run the install scripts anew if the unplugged folder is removed
🟩 Plug'n'Play ► it should set bytesRead on Windows when input is a pipe and EOF is thrown
🟩 Plug'n'Play ► it should support circular requires
🟩 Plug'n'Play ► it should support the 'paths' option from require.resolve (different dependency trees)
🟩 Plug'n'Play ► it should support the 'paths' option from require.resolve (same dependency tree)
🟩 Plug'n'Play ► it should support user patched fs
🟥 Plug'n'Play ► it should take trailing slashes inside the packageLocations of the PnP serialized state into account when resolving packages
🟩 Plug'n'Play ► it should take trailing slashes into account when resolving paths
🟩 Plug'n'Play ► it should terminate when the 'paths' option from require.resolve includes empty string and there is no .pnp.cjs in the working dir
🟩 Plug'n'Play ► it should throw an exception if a dependency tries to require a missing peer dependency
🟩 Plug'n'Play ► it should throw an exception if a dependency tries to require something it doesn't own
🟩 Plug'n'Play ► it should throw different semantic errors based on whether the project or a sub-dependency requires something it doesn't own
🟩 Plug'n'Play ► it should throw the same error than the root when a workspace requires something it doesn't own
🟥 Plug'n'Play ► it should throw when a path is controlled by multiple pnpapi instances
🟩 Plug'n'Play ► it should throw when using require.resolve with unsupported options
🟥 Plug'n'Play ► it should transparently support the "resolve" package
🟩 Plug'n'Play ► it should update the .pnp.cjs file when it already exists but isn't up-to-date
🟩 Plug'n'Play ► it should use the regular Node resolution when requiring files outside of the pnp install tree
🟥 Plug'n'Play ► it should warn when the peer dependency resolution is incompatible
🟩 Plug'n'Play ► it should work when working inside a sandbox environment full of symlinks, and pnpEnableInlining is set to false
🟩 Plug'n'Play ► it should work with pnpEnableInlining set to false
🟩 Plug'n'Play ► it shouldn't automatically unplug packages with skipped postinstall scripts
🟩 Plug'n'Play ► it shouldn't break the vscode builtin resolution
🟩 Plug'n'Play ► it shouldn't deduplicate two packages with similar peer dependencies but different names
🟩 Plug'n'Play ► it shouldn't match on dot files with pnpIgnorePatterns
🟩 Plug'n'Play ► it shouldn't print warning in the default install mode, even when the fallback is used
🟩 Plug'n'Play ► it shouldn't remove the lingering node_modules folders when they contain dot-folders
🟥 Plug'n'Play ► should skip building incompatible package

[22 / 25] packages/acceptance-tests/pkg-tests-specs/sources/pnpapi.test.ts

🟩 Plug'n'Play API ► it should expose VERSIONS
🟩 Plug'n'Play API ► resolveVirtual - v1 ► resolveVirtual ► it should return null when the specified path isn't a virtual
🟩 Plug'n'Play API ► resolveVirtual - v1 ► resolveVirtual ► it should return the transformed path when possible
🟩 Plug'n'Play API ► Semantic Errors ► it should throw detailed errors when a builtin is not found and the 'considerBuiltins' option is set to false
🟥 Plug'n'Play API ► std - v1 ► getPackageInformation ► it should return the package dependencies
🟩 Plug'n'Play API ► std - v1 ► getPackageInformation ► it should return the package location
🟩 Plug'n'Play API ► std - v1 ► getPackageInformation ► it should return the packages peer dependencies
🟩 Plug'n'Play API ► std - v1 ► getPackageInformation ► it should return the workspaces peer dependencies when virtualized
🟩 Plug'n'Play API ► std - v1 ► getPackageInformation ► it shouldn't return the workspaces peer dependencies when accessed as roots
🟩 Plug'n'Play API ► std - v1 ► it should expose resolveRequest
🟩 Plug'n'Play API ► std - v1 ► it should expose resolveToUnqualified
🟩 Plug'n'Play API ► std - v1 ► it should expose resolveUnqualified
🟩 Plug'n'Play API ► std - v1 ► it shouldn't mess up when using createRequire on virtual files
🟩 Plug'n'Play API ► std - v1 ► it shouldn't report the project parent directory as being part of the project
🟩 Plug'n'Play API ► std - v1 ► resolveRequest ► it should return null for builtins
🟩 Plug'n'Play API ► std - v1 ► resolveRequest ► it should return null for builtins ('node:' protocol)
🟩 Plug'n'Play API ► std - v1 ► resolveRequest ► it should return the path to the PnP file when 'pnpapi' is requested
🟩 Plug'n'Play API ► std - v1 ► resolveRequest ► it should support the 'considerBuiltins' option
🟩 Plug'n'Play API ► std - v1 ► resolveRequest ► it should support the 'extensions' option
🟩 Plug'n'Play API ► std - v2 ► it should use .pnpCode to expose semantic errors
🟩 Plug'n'Play API ► std - v3 ► getDependencyTreeRoots ► it should return the workspaces (multiple workspaces)
🟩 Plug'n'Play API ► std - v3 ► getDependencyTreeRoots ► it should return the workspaces (no children)
🟥 Plug'n'Play API ► std - v3 ► getPackageInformation ► it should return the package linkage (hard link)
🟥 Plug'n'Play API ► std - v3 ► getPackageInformation ► it should return the package linkage (soft link)
🟩 Plug'n'Play API ► std - v3 ► it should expose getDependencyTreeRoots

[0 / 4] packages/acceptance-tests/pkg-tests-specs/sources/protocols/execs.test.js

🟥 Protocols ► exec: ► it should correctly inject the `execEnv` global variable
🟥 Protocols ► exec: ► it should correctly inject the built-in modules as global variables
🟥 Protocols ► exec: ► it should execute a script to generate the package content
🟥 Protocols ► exec: ► it should update the cache

[0 / 2] packages/acceptance-tests/pkg-tests-specs/sources/protocols/file.test.ts

🟥 Protocols ► file: ► it should update the cache when a file:./file.tgz reference gets updated
🟥 Protocols ► file: ► it should update the cache when a file:./folder reference gets updated

[0 / 17] packages/acceptance-tests/pkg-tests-specs/sources/protocols/git.test.js

🟥 Protocols ► git: ► it should guarantee that all dependencies will be installed when using npm to setup npm repositories
🟥 Protocols ► git: ► it should install dependencies and run prepack if needed
🟥 Protocols ► git: ► it should not add a 'packageManager' field to a Yarn classic project
🟥 Protocols ► git: ► it should not use Corepack to fetch Yarn Classic
🟥 Protocols ► git: ► it should not use Corepack to install repositories that are installed via Yarn 2+
🟥 Protocols ► git: ► it should resolve a git dependency (git://github.com/yarnpkg/util-deprecate.git#v1.0.1)
🟥 Protocols ► git: ► it should resolve a git dependency (git+ssh://git@github.com/yarnpkg/util-deprecate.git#v1.0.1)
🟥 Protocols ► git: ► it should resolve a git dependency (https://github.com/yarnpkg/util-deprecate.git#b3562c2798507869edb767da869cd7b85487726d)
🟥 Protocols ► git: ► it should resolve a git dependency (https://github.com/yarnpkg/util-deprecate.git#master)
🟥 Protocols ► git: ► it should resolve a git dependency (https://github.com/yarnpkg/util-deprecate.git#semver:^1.0.0)
🟥 Protocols ► git: ► it should resolve a git dependency (https://github.com/yarnpkg/util-deprecate.git#semver:>=1.0.0 <1.0.2)
🟥 Protocols ► git: ► it should resolve a git dependency (https://github.com/yarnpkg/util-deprecate.git#v1.0.0)
🟥 Protocols ► git: ► it should support installing specific workspaces
🟥 Protocols ► git: ► it should support installing specific workspaces from npm repositories
🟥 Protocols ► git: ► it should use npm to setup npm repositories
🟥 Protocols ► git: ► it should use Yarn Classic to setup classic repositories
🟥 Protocols ► git: ► it shouldn't install dependencies for packages without prepack

[0 / 19] packages/acceptance-tests/pkg-tests-specs/sources/protocols/git.test.ts

🟥 Protocols ► git: ► it should guarantee that all dependencies will be installed when using npm to setup npm repositories
🟥 Protocols ► git: ► it should install dependencies and run prepack if needed
🟥 Protocols ► git: ► it should not add a 'packageManager' field to a Yarn classic project
🟥 Protocols ► git: ► it should not use Corepack to fetch Yarn Classic
🟥 Protocols ► git: ► it should not use Corepack to install repositories that are installed via Yarn 2+
🟥 Protocols ► git: ► it should resolve a git dependency (git://github.com/yarnpkg/util-deprecate.git#v1.0.1)
🟥 Protocols ► git: ► it should resolve a git dependency (git+ssh://git@github.com/yarnpkg/util-deprecate.git#v1.0.1)
🟥 Protocols ► git: ► it should resolve a git dependency (https://github.com/yarnpkg/util-deprecate.git#b3562c2798507869edb767da869cd7b85487726d)
🟥 Protocols ► git: ► it should resolve a git dependency (https://github.com/yarnpkg/util-deprecate.git#master)
🟥 Protocols ► git: ► it should resolve a git dependency (https://github.com/yarnpkg/util-deprecate.git#semver:^1.0.0)
🟥 Protocols ► git: ► it should resolve a git dependency (https://github.com/yarnpkg/util-deprecate.git#semver:>=1.0.0 <1.0.2)
🟥 Protocols ► git: ► it should resolve a git dependency (https://github.com/yarnpkg/util-deprecate.git#v1.0.0)
🟥 Protocols ► git: ► it should support installing packages from projects in subfolders
🟥 Protocols ► git: ► it should support installing specific workspaces
🟥 Protocols ► git: ► it should support installing specific workspaces from npm repositories
🟥 Protocols ► git: ► it should support installing workspace packages from projects in subfolders
🟥 Protocols ► git: ► it should use npm to setup npm repositories
🟥 Protocols ► git: ► it should use Yarn Classic to setup classic repositories
🟥 Protocols ► git: ► it shouldn't install dependencies for packages without prepack

[4 / 6] packages/acceptance-tests/pkg-tests-specs/sources/protocols/links.test.js

🟥 Protocols ► link: ► it should allow link to access their containers' dependencies
🟩 Protocols ► link: ► it should ignore links' own dependencies
🟩 Protocols ► link: ► it should link a remote location into the current dependency tree
🟥 Protocols ► link: ► it should work even when the target doesn't have a manifest
🟩 Protocols ► link: ► it shouldn't cause the paths to be discarded when covered by other fetchers (alphabetical after)
🟩 Protocols ► link: ► it shouldn't cause the paths to be discarded when covered by other fetchers (alphabetical before)

[3 / 8] packages/acceptance-tests/pkg-tests-specs/sources/protocols/npm.test.js

🟩 Protocols ► npm: ► it should allow fetching packages that have an unconventional url (fragment)
🟩 Protocols ► npm: ► it should allow fetching packages that have an unconventional url (query)
🟥 Protocols ► npm: ► it should allow fetching packages that have an unconventional url (semver)
🟥 Protocols ► npm: ► it should allow fetching packages that have an unconventional url (tag)
🟥 Protocols ► npm: ► it should allow fetching packages that have an unconventional url without specifying version
🟥 Protocols ► npm: ► it should allow prefixing semver ranges with "v"
🟩 Protocols ► npm: ► it should allow renaming packages
🟥 Protocols ► npm: ► it should allow semver ranges with build metadata

[0 / 8] packages/acceptance-tests/pkg-tests-specs/sources/protocols/patch.test.ts

🟥 Protocols ► patch: ► it should apply a patch on the original package
🟥 Protocols ► patch: ► it should apply patches relative to the package
🟥 Protocols ► patch: ► it should generate the same file twice in a row
🟥 Protocols ► patch: ► it should generate the same file twice in a row (delayed)
🟥 Protocols ► patch: ► it should only compute the hash from the effects of the patch
🟥 Protocols ► patch: ► it should preserve the resolution when switching in and out of a patch
🟥 Protocols ► patch: ► it should support applying a patch on a patch
🟥 Protocols ► patch: ► it should throw on invalid patch files

[4 / 5] packages/acceptance-tests/pkg-tests-specs/sources/protocols/portals.test.js

🟥 Protocols ► portal: ► it should allow portals to access their peer dependencies (multiple occurences)
🟩 Protocols ► portal: ► it should allow portals to access their peer dependencies (single occurence)
🟩 Protocols ► portal: ► it should link a remote project into the current dependency tree
🟩 Protocols ► portal: ► it should support nested portals
🟩 Protocols ► portal: ► it should take into account portals' own dependencies

[0 / 2] packages/acceptance-tests/pkg-tests-specs/sources/protocols/semver.test.js

🟥 Protocols ► Semver ► it should allow prefixing semver ranges with "v"
🟥 Protocols ► Semver ► it should allow semver ranges with build metadata

[3 / 6] packages/acceptance-tests/pkg-tests-specs/sources/protocols/workspace.test.ts

🟥 Protocols ► workspace: ► it should allow aliasing workspaces using relative paths
🟩 Protocols ► workspace: ► it should prevent referencing workspaces that don't exist
🟩 Protocols ► workspace: ► it should recognize ^ and ~
🟩 Protocols ► workspace: ► it should recognize prereleases in wildcard ranges
🟥 Protocols ► workspace: ► it should support relative paths (with ./)
🟥 Protocols ► workspace: ► it should support relative paths (without ./)

[12 / 12] packages/acceptance-tests/pkg-tests-specs/sources/require.test.js

🟩 Require tests ► it should allow resetting a loaded module by deleting its entry from require.cache
🟩 Require tests ► it should cache the loaded modules
🟩 Require tests ► it should correctly resolve deep requires
🟩 Require tests ► it should correctly resolve native requires
🟩 Require tests ► it should correctly resolve relative requires
🟩 Require tests ► it should correctly resolve relative requires from within dependencies
🟩 Require tests ► it should expose the cached modules into require.cache
🟩 Require tests ► it should ignore the "main" entry if it doesn't resolve
🟩 Require tests ► it should load the index.js file when loading from a folder
🟩 Require tests ► it should resolve the .js extension
🟩 Require tests ► it should support require.resolve(..., {paths})
🟩 Require tests ► it should support require(require.resolve(...))

[37 / 74] packages/acceptance-tests/pkg-tests-specs/sources/script.test.ts

🟩 Scripts tests ► it should allow to execute the dependencies binaries even from a different cwd than the project root
🟩 Scripts tests ► it should be able to spawn binaries with a utf-8 path
🟩 Scripts tests ► it should correctly run empty install scripts
🟩 Scripts tests ► it should correctly run scripts when project path has space inside
🟥 Scripts tests ► it should make expose some basic information via the environment
🟩 Scripts tests ► it should run declared scripts
🟩 Scripts tests ► it should run scripts using the same Node than the one used by Yarn
🟩 Scripts tests ► it should run scripts using the same package manager than the one running the scripts
🟩 Scripts tests ► it should set INIT_CWD
🟩 Scripts tests ► it should set PROJECT_CWD
🟩 Scripts tests ► it should setup the correct path for locally installed binaries
🟥 Scripts tests ► w/ the node-modules linker ► it should abort with an error if a package can't be built
🟩 Scripts tests ► w/ the node-modules linker ► it should add native binaries to the PATH
🟥 Scripts tests ► w/ the node-modules linker ► it should add node-gyp rebuild script if there isn't an install script and there is a binding.gyp file
🟩 Scripts tests ► w/ the node-modules linker ► it should allow dependencies with install scripts to run the binaries exposed by their own dependencies
🟩 Scripts tests ► w/ the node-modules linker ► it should allow dependencies with install scripts to run their own subscripts
🟩 Scripts tests ► w/ the node-modules linker ► it should allow dependency binaries to require relative paths
🟩 Scripts tests ► w/ the node-modules linker ► it should allow dependency binaries to require their own dependencies
🟥 Scripts tests ► w/ the node-modules linker ► it should allow to retrieve the path to a dependency binary by its name
🟥 Scripts tests ► w/ the node-modules linker ► it should allow to retrieve the path to a dependency binary, even when running from outside the project
🟥 Scripts tests ► w/ the node-modules linker ► it should return an absolute path when retrieving the path to a dependency binary
🟩 Scripts tests ► w/ the node-modules linker ► it should run install scripts during the install
🟩 Scripts tests ► w/ the node-modules linker ► it should run native binaries
🟥 Scripts tests ► w/ the node-modules linker ► it should run the bin of a soft-link
🟥 Scripts tests ► w/ the node-modules linker ► it should run the bin of self-require-trap
🟥 Scripts tests ► w/ the node-modules linker ► it should run the bin of self-require-trap (aliased)
🟩 Scripts tests ► w/ the node-modules linker ► it should trigger the postinstall scripts in the right order, children before parents
🟥 Scripts tests ► w/ the node-modules linker ► it should trigger the postinstall when a dependency gets its dependency tree modified
🟥 Scripts tests ► w/ the node-modules linker ► it shouldn't abort with an error if the package that can't be built is a transitive dependency of an optional package
🟥 Scripts tests ► w/ the node-modules linker ► it shouldn't abort with an error if the package that can't be built is optional
🟥 Scripts tests ► w/ the node-modules linker ► it shouldn't call the postinstall on every install
🟩 Scripts tests ► w/ the node-modules linker ► it shouldn't trigger the postinstall if an unrelated branch of the tree is modified
🟥 Scripts tests ► w/ the pnp linker ► it should abort with an error if a package can't be built
🟩 Scripts tests ► w/ the pnp linker ► it should add native binaries to the PATH
🟥 Scripts tests ► w/ the pnp linker ► it should add node-gyp rebuild script if there isn't an install script and there is a binding.gyp file
🟩 Scripts tests ► w/ the pnp linker ► it should allow dependencies with install scripts to run the binaries exposed by their own dependencies
🟩 Scripts tests ► w/ the pnp linker ► it should allow dependencies with install scripts to run their own subscripts
🟩 Scripts tests ► w/ the pnp linker ► it should allow dependency binaries to require relative paths
🟩 Scripts tests ► w/ the pnp linker ► it should allow dependency binaries to require their own dependencies
🟥 Scripts tests ► w/ the pnp linker ► it should allow to retrieve the path to a dependency binary by its name
🟥 Scripts tests ► w/ the pnp linker ► it should allow to retrieve the path to a dependency binary, even when running from outside the project
🟥 Scripts tests ► w/ the pnp linker ► it should return an absolute path when retrieving the path to a dependency binary
🟩 Scripts tests ► w/ the pnp linker ► it should run install scripts during the install
🟩 Scripts tests ► w/ the pnp linker ► it should run native binaries
🟥 Scripts tests ► w/ the pnp linker ► it should run the bin of a soft-link
🟥 Scripts tests ► w/ the pnp linker ► it should run the bin of self-require-trap
🟥 Scripts tests ► w/ the pnp linker ► it should run the bin of self-require-trap (aliased)
🟩 Scripts tests ► w/ the pnp linker ► it should trigger the postinstall scripts in the right order, children before parents
🟥 Scripts tests ► w/ the pnp linker ► it should trigger the postinstall when a dependency gets its dependency tree modified
🟥 Scripts tests ► w/ the pnp linker ► it shouldn't abort with an error if the package that can't be built is a transitive dependency of an optional package
🟥 Scripts tests ► w/ the pnp linker ► it shouldn't abort with an error if the package that can't be built is optional
🟥 Scripts tests ► w/ the pnp linker ► it shouldn't call the postinstall on every install
🟩 Scripts tests ► w/ the pnp linker ► it shouldn't trigger the postinstall if an unrelated branch of the tree is modified
🟥 Scripts tests ► w/ the pnpm linker ► it should abort with an error if a package can't be built
🟩 Scripts tests ► w/ the pnpm linker ► it should add native binaries to the PATH
🟥 Scripts tests ► w/ the pnpm linker ► it should add node-gyp rebuild script if there isn't an install script and there is a binding.gyp file
🟩 Scripts tests ► w/ the pnpm linker ► it should allow dependencies with install scripts to run the binaries exposed by their own dependencies
🟩 Scripts tests ► w/ the pnpm linker ► it should allow dependencies with install scripts to run their own subscripts
🟩 Scripts tests ► w/ the pnpm linker ► it should allow dependency binaries to require relative paths
🟩 Scripts tests ► w/ the pnpm linker ► it should allow dependency binaries to require their own dependencies
🟥 Scripts tests ► w/ the pnpm linker ► it should allow to retrieve the path to a dependency binary by its name
🟥 Scripts tests ► w/ the pnpm linker ► it should allow to retrieve the path to a dependency binary, even when running from outside the project
🟥 Scripts tests ► w/ the pnpm linker ► it should return an absolute path when retrieving the path to a dependency binary
🟩 Scripts tests ► w/ the pnpm linker ► it should run install scripts during the install
🟩 Scripts tests ► w/ the pnpm linker ► it should run native binaries
🟥 Scripts tests ► w/ the pnpm linker ► it should run the bin of a soft-link
🟥 Scripts tests ► w/ the pnpm linker ► it should run the bin of self-require-trap
🟥 Scripts tests ► w/ the pnpm linker ► it should run the bin of self-require-trap (aliased)
🟩 Scripts tests ► w/ the pnpm linker ► it should trigger the postinstall scripts in the right order, children before parents
🟥 Scripts tests ► w/ the pnpm linker ► it should trigger the postinstall when a dependency gets its dependency tree modified
🟥 Scripts tests ► w/ the pnpm linker ► it shouldn't abort with an error if the package that can't be built is a transitive dependency of an optional package
🟥 Scripts tests ► w/ the pnpm linker ► it shouldn't abort with an error if the package that can't be built is optional
🟥 Scripts tests ► w/ the pnpm linker ► it shouldn't call the postinstall on every install
🟩 Scripts tests ► w/ the pnpm linker ► it shouldn't trigger the postinstall if an unrelated branch of the tree is modified

[3 / 9] packages/acceptance-tests/pkg-tests-specs/sources/workspace.test.ts

🟥 Workspaces tests ► it should allow aliasing workspaces using relative paths
🟥 Workspaces tests ► it should allow scripts defined in workspaces to run successfully
🟩 Workspaces tests ► it should allow workspaces to require each others
🟩 Workspaces tests ► it should not implicitly make workspaces require-able
🟥 Workspaces tests ► it should resolve workspaces as regular packages if enableTransparentWorkspaces is disabled
🟥 Workspaces tests ► it should resolve workspaces as regular packages if the versions don't match
🟩 Workspaces tests ► it should run the postinstall script when running an install
🟥 Workspaces tests ► it should support basic glob patterns
🟥 Workspaces tests ► it should support negated glob patterns
